Component: ARM Compiler 5.06 update 6 (build 750) Tool: armlink [4d35ed]

==============================================================================

Section Cross References

    startup_stm32h750xx.o(RESET) refers to startup_stm32h750xx.o(STACK) for __initial_sp
    startup_stm32h750xx.o(RESET) refers to startup_stm32h750xx.o(.text) for Reset_Handler
    startup_stm32h750xx.o(RESET) refers to stm32h7xx_it.o(i.NMI_Handler) for NMI_Handler
    startup_stm32h750xx.o(RESET) refers to stm32h7xx_it.o(i.HardFault_Handler) for HardFault_Handler
    startup_stm32h750xx.o(RESET) refers to stm32h7xx_it.o(i.MemManage_Handler) for MemManage_Handler
    startup_stm32h750xx.o(RESET) refers to stm32h7xx_it.o(i.BusFault_Handler) for BusFault_Handler
    startup_stm32h750xx.o(RESET) refers to stm32h7xx_it.o(i.UsageFault_Handler) for UsageFault_Handler
    startup_stm32h750xx.o(RESET) refers to port.o(.emb_text) for SVC_Handler
    startup_stm32h750xx.o(RESET) refers to stm32h7xx_it.o(i.DebugMon_Handler) for DebugMon_Handler
    startup_stm32h750xx.o(RESET) refers to cmsis_os2.o(i.SysTick_Handler) for SysTick_Handler
    startup_stm32h750xx.o(RESET) refers to stm32h7xx_it.o(i.DMA1_Stream0_IRQHandler) for DMA1_Stream0_IRQHandler
    startup_stm32h750xx.o(RESET) refers to stm32h7xx_it.o(i.USART3_IRQHandler) for USART3_IRQHandler
    startup_stm32h750xx.o(RESET) refers to stm32h7xx_it.o(i.TIM17_IRQHandler) for TIM17_IRQHandler
    startup_stm32h750xx.o(RESET) refers to stm32h7xx_it.o(i.BDMA_Channel0_IRQHandler) for BDMA_Channel0_IRQHandler
    startup_stm32h750xx.o(RESET) refers to stm32h7xx_it.o(i.BDMA_Channel1_IRQHandler) for BDMA_Channel1_IRQHandler
    startup_stm32h750xx.o(RESET) refers to stm32h7xx_it.o(i.LPUART1_IRQHandler) for LPUART1_IRQHandler
    startup_stm32h750xx.o(.text) refers to system_stm32h7xx.o(i.SystemInit) for SystemInit
    startup_stm32h750xx.o(.text) refers to entry.o(.ARM.Collect$$$$00000000) for __main
    main.o(i.HAL_TIM_PeriodElapsedCallback) refers to stm32h7xx_hal.o(i.HAL_IncTick) for HAL_IncTick
    main.o(i.SystemClock_Config) refers to memseta.o(.text) for __aeabi_memclr4
    main.o(i.SystemClock_Config) refers to stm32h7xx_hal_pwr_ex.o(i.HAL_PWREx_ConfigSupply) for HAL_PWREx_ConfigSupply
    main.o(i.SystemClock_Config) refers to stm32h7xx_hal_rcc.o(i.HAL_RCC_OscConfig) for HAL_RCC_OscConfig
    main.o(i.SystemClock_Config) refers to main.o(i.Error_Handler) for Error_Handler
    main.o(i.SystemClock_Config) refers to stm32h7xx_hal_rcc.o(i.HAL_RCC_ClockConfig) for HAL_RCC_ClockConfig
    main.o(i.main) refers to stm32h7xx_hal.o(i.HAL_Init) for HAL_Init
    main.o(i.main) refers to main.o(i.SystemClock_Config) for SystemClock_Config
    main.o(i.main) refers to gpio.o(i.MX_GPIO_Init) for MX_GPIO_Init
    main.o(i.main) refers to bdma.o(i.MX_BDMA_Init) for MX_BDMA_Init
    main.o(i.main) refers to usart.o(i.MX_LPUART1_UART_Init) for MX_LPUART1_UART_Init
    main.o(i.main) refers to dma.o(i.MX_DMA_Init) for MX_DMA_Init
    main.o(i.main) refers to usart.o(i.MX_USART3_UART_Init) for MX_USART3_UART_Init
    main.o(i.main) refers to cmsis_os2.o(i.osKernelInitialize) for osKernelInitialize
    main.o(i.main) refers to freertos.o(i.MX_FREERTOS_Init) for MX_FREERTOS_Init
    main.o(i.main) refers to cmsis_os2.o(i.osKernelStart) for osKernelStart
    gpio.o(i.MX_GPIO_Init) refers to memseta.o(.text) for __aeabi_memclr4
    gpio.o(i.MX_GPIO_Init) refers to stm32h7xx_hal_gpio.o(i.HAL_GPIO_WritePin) for HAL_GPIO_WritePin
    gpio.o(i.MX_GPIO_Init) refers to stm32h7xx_hal_gpio.o(i.HAL_GPIO_Init) for HAL_GPIO_Init
    freertos.o(i.MX_FREERTOS_Init) refers to cmsis_os2.o(i.osThreadNew) for osThreadNew
    freertos.o(i.MX_FREERTOS_Init) refers to cmsis_os2.o(i.osEventFlagsNew) for osEventFlagsNew
    freertos.o(i.MX_FREERTOS_Init) refers to freertos.o(.constdata) for defaultTask_attributes
    freertos.o(i.MX_FREERTOS_Init) refers to freertos.o(i.StartDefaultTask) for StartDefaultTask
    freertos.o(i.MX_FREERTOS_Init) refers to freertos.o(.data) for defaultTaskHandle
    freertos.o(i.MX_FREERTOS_Init) refers to freertos.o(i.Usart01Task) for Usart01Task
    freertos.o(i.MX_FREERTOS_Init) refers to freertos.o(i.WifiTask) for WifiTask
    freertos.o(i.MX_FREERTOS_Init) refers to freertos.o(i.Usart3Task) for Usart3Task
    freertos.o(i.MX_FREERTOS_Init) refers to freertos.o(i.StatusTask) for StatusTask
    freertos.o(i.MX_FREERTOS_Init) refers to freertos.o(i.MqttTask) for MqttTask
    freertos.o(i.MqttTask) refers to cmsis_os2.o(i.osDelay) for osDelay
    freertos.o(i.MqttTask) refers to cmsis_os2.o(i.osEventFlagsWait) for osEventFlagsWait
    freertos.o(i.MqttTask) refers to printfa.o(i.__0printf) for __2printf
    freertos.o(i.MqttTask) refers to devmqtt.o(i.MQTT_CONNECT) for MQTT_CONNECT
    freertos.o(i.MqttTask) refers to devmqtt.o(i.MQTT_SUBSCRIBE) for MQTT_SUBSCRIBE
    freertos.o(i.MqttTask) refers to cmsis_os2.o(i.osEventFlagsSet) for osEventFlagsSet
[...]
    .bss                                     0x24000fa0   Section       64  queue.o(.bss)
    .bss                                     0x24000fe0   Section     1220  tasks.o(.bss)
    pxReadyTasksLists                        0x24000fe0   Data        1120  tasks.o(.bss)
    xDelayedTaskList1                        0x24001440   Data          20  tasks.o(.bss)
    xDelayedTaskList2                        0x24001454   Data          20  tasks.o(.bss)
    xPendingReadyList                        0x24001468   Data          20  tasks.o(.bss)
    xTasksWaitingTermination                 0x2400147c   Data          20  tasks.o(.bss)
    xSuspendedTaskList                       0x24001490   Data          20  tasks.o(.bss)
    .bss                                     0x240014a4   Section      280  timers.o(.bss)
    xActiveTimerList1                        0x240014a4   Data          20  timers.o(.bss)
    xActiveTimerList2                        0x240014b8   Data          20  timers.o(.bss)
    xStaticTimerQueue                        0x240014cc   Data          80  timers.o(.bss)
    ucStaticTimerQueueStorage                0x2400151c   Data         160  timers.o(.bss)
    .bss                                     0x240015bc   Section     1720  cmsis_os2.o(.bss)
    Idle_TCB                                 0x240015bc   Data          92  cmsis_os2.o(.bss)
    Idle_Stack                               0x24001618   Data         512  cmsis_os2.o(.bss)
    Timer_TCB                                0x24001818   Data          92  cmsis_os2.o(.bss)
    Timer_Stack                              0x24001874   Data        1024  cmsis_os2.o(.bss)
    .bss                                     0x24001c74   Section    15360  heap_4.o(.bss)
    ucHeap                                   0x24001c74   Data       15360  heap_4.o(.bss)
    HEAP                                     0x24005878   Section      512  startup_stm32h750xx.o(HEAP)
    STACK                                    0x24005a78   Section     1024  startup_stm32h750xx.o(STACK)
    .ARM.__at_0x38000000                     0x38000000   Section      200  stm32h7xx_it.o(.ARM.__at_0x38000000)
    .ARM.__at_0x380000E0                     0x380000e0   Section      200  stm32h7xx_it.o(.ARM.__at_0x380000E0)

    Global Symbols

    Symbol Name                              Value     Ov Type        Size  Object(Section)

    BuildAttributes$$THM_ISAv4$E$P$D$K$B$S$7EM$VFPv5_D16$PE$PLD8$A:L22UL41UL21$X:L11$S22US41US21$IEEE1$IW$USESV6$~STKCKD$USESV7$~SHL$OSPACE$ROPI$EBA8$MICROLIB$REQ8$PRES8$EABIv2 0x00000000   Number         0  anon$$obj.o ABSOLUTE
    __ARM_use_no_argv                        0x00000000   Number         0  main.o ABSOLUTE
    _printf_a                                0x00000000   Number         0  stubs.o ABSOLUTE
    _printf_c                                0x00000000   Number         0  stubs.o ABSOLUTE
    _printf_charcount                        0x00000000   Number         0  stubs.o ABSOLUTE
    _printf_d                                0x00000000   Number         0  stubs.o ABSOLUTE
    _printf_e                                0x00000000   Number         0  stubs.o ABSOLUTE
    _printf_f                                0x00000000   Number         0  stubs.o ABSOLUTE
    _printf_flags                            0x00000000   Number         0  stubs.o ABSOLUTE
    _printf_fp_dec                           0x00000000   Number         0  stubs.o ABSOLUTE
    _printf_fp_hex                           0x00000000   Number         0  stubs.o ABSOLUTE
    _printf_g                                0x00000000   Number         0  stubs.o ABSOLUTE
    _printf_i                                0x00000000   Number         0  stubs.o ABSOLUTE
    _printf_int_dec                          0x00000000   Number         0  stubs.o ABSOLUTE
    _printf_l                                0x00000000   Number         0  stubs.o ABSOLUTE
    _printf_lc                               0x00000000   Number         0  stubs.o ABSOLUTE
    _printf_ll                               0x00000000   Number         0  stubs.o ABSOLUTE
    _printf_lld                              0x00000000   Number         0  stubs.o ABSOLUTE
    _printf_lli                              0x00000000   Number         0  stubs.o ABSOLUTE
    _printf_llo                              0x00000000   Number         0  stubs.o ABSOLUTE
    _printf_llu                              0x00000000   Number         0  stubs.o ABSOLUTE
    _printf_llx                              0x00000000   Number         0  stubs.o ABSOLUTE
    _printf_longlong_dec                     0x00000000   Number         0  stubs.o ABSOLUTE
    _printf_longlong_hex                     0x00000000   Number         0  stubs.o ABSOLUTE
    _printf_longlong_oct                     0x00000000   Number         0  stubs.o ABSOLUTE
    _printf_ls                               0x00000000   Number         0  stubs.o ABSOLUTE
    _printf_mbtowc                           0x00000000   Number         0  stubs.o ABSOLUTE
    _printf_n                                0x00000000   Number         0  stubs.o ABSOLUTE
    _printf_o                                0x00000000   Number         0  stubs.o ABSOLUTE
    _printf_p                                0x00000000   Number         0  stubs.o ABSOLUTE
    _printf_percent                          0x00000000   Number         0  stubs.o ABSOLUTE
    _printf_pre_padding                      0x00000000   Number         0  stubs.o ABSOLUTE
    _printf_return_value                     0x00000000   Number         0  stubs.o ABSOLUTE
    _printf_s                                0x00000000   Number         0  stubs.o ABSOLUTE
    _printf_sizespec                         0x00000000   Number         0  stubs.o ABSOLUTE
    _printf_str                              0x00000000   Number         0  stubs.o ABSOLUTE
    _printf_truncate_signed                  0x00000000   Number         0  stubs.o ABSOLUTE
    _printf_truncate_unsigned                0x00000000   Number         0  stubs.o ABSOLUTE
    _printf_u                                0x00000000   Number         0  stubs.o ABSOLUTE
    _printf_wc                               0x00000000   Number         0  stubs.o ABSOLUTE
    _printf_wctomb                           0x00000000   Number         0  stubs.o ABSOLUTE
    _printf_widthprec                        0x00000000   Number         0  stubs.o ABSOLUTE
    _printf_x                                0x00000000   Number         0  stubs.o ABSOLUTE
    __cpp_initialize__aeabi_                  - Undefined Weak Reference
    __cxa_finalize                            - Undefined Weak Reference
    __decompress                              - Undefined Weak Reference
    _clock_init                               - Undefined Weak Reference
    _microlib_exit                            - Undefined Weak Reference
    __Vectors_Size                           0x00000298   Number         0  startup_stm32h750xx.o ABSOLUTE
    __Vectors                                0x08000000   Data           4  startup_stm32h750xx.o(RESET)
    __Vectors_End                            0x08000298   Data           0  startup_stm32h750xx.o(RESET)
    __main                                   0x08000299   Thumb Code     0  entry.o(.ARM.Collect$$$$00000000)
    _main_stk                                0x08000299   Thumb Code     0  entry2.o(.ARM.Collect$$$$00000001)
    _main_scatterload                        0x0800029d   Thumb Code     0  entry5.o(.ARM.Collect$$$$00000004)
    __main_after_scatterload                 0x080002a1   Thumb Code     0  entry5.o(.ARM.Collect$$$$00000004)
    _main_clock                              0x080002a1   Thumb Code     0  entry7b.o(.ARM.Collect$$$$00000008)
    _main_cpp_init                           0x080002a1   Thumb Code     0  entry8b.o(.ARM.Collect$$$$0000000A)
    _main_init                               0x080002a1   Thumb Code     0  entry9a.o(.ARM.Collect$$$$0000000B)
    __rt_final_cpp                           0x080002a9   Thumb Code     0  entry10a.o(.ARM.Collect$$$$0000000D)
    __rt_final_exit                          0x080002a9   Thumb Code     0  entry11a.o(.ARM.Collect$$$$0000000F)
    SVC_Handler                              0x080002ad   Thumb Code    28  port.o(.emb_text)
    __asm___6_port_c_39a90d8d__prvStartFirstTask 0x080002cd   Thumb Code    36  port.o(.emb_text)
    __asm___6_port_c_39a90d8d__prvEnableVFP  0x080002f5   Thumb Code    16  port.o(.emb_text)
    PendSV_Handler                           0x08000309   Thumb Code    88  port.o(.emb_text)
    vPortGetIPSR                             0x08000365   Thumb Code     6  port.o(.emb_text)
    Reset_Handler                            0x0800036d   Thumb Code     8  startup_stm32h750xx.o(.text)
    ADC3_IRQHandler                          0x08000387   Thumb Code     0  startup_stm32h750xx.o(.text)
    ADC_IRQHandler                           0x08000387   Thumb Code     0  startup_stm32h750xx.o(.text)
    BDMA_Channel2_IRQHandler                 0x08000387   Thumb Code     0  startup_stm32h750xx.o(.text)
    BDMA_Channel3_IRQHandler                 0x08000387   Thumb Code     0  startup_stm32h750xx.o(.text)
    BDMA_Channel4_IRQHandler                 0x08000387   Thumb Code     0  startup_stm32h750xx.o(.text)
    BDMA_Channel5_IRQHandler                 0x08000387   Thumb Code     0  startup_stm32h750xx.o(.text)
    BDMA_Channel6_IRQHandler                 0x08000387   Thumb Code     0  startup_stm32h750xx.o(.text)
    BDMA_Channel7_IRQHandler                 0x08000387   Thumb Code     0  startup_stm32h750xx.o(.text)
    CEC_IRQHandler                           0x08000387   Thumb Code     0  startup_stm32h750xx.o(.text)
    COMP1_IRQHandler                         0x08000387   Thumb Code     0  startup_stm32h750xx.o(.text)
    CRS_IRQHandler                           0x08000387   Thumb Code     0  startup_stm32h750xx.o(.text)
    CRYP_IRQHandler                          0x08000387   Thumb Code     0  startup_stm32h750xx.o(.text)
    DCMI_IRQHandler                          0x08000387   Thumb Code     0  startup_stm32h750xx.o(.text)
    DFSDM1_FLT0_IRQHandler                   0x08000387   Thumb Code     0  startup_stm32h750xx.o(.text)
    DFSDM1_FLT1_IRQHandler                   0x08000387   Thumb Code     0  startup_stm32h750xx.o(.text)
    DFSDM1_FLT2_IRQHandler                   0x08000387   Thumb Code     0  startup_stm32h750xx.o(.text)
    DFSDM1_FLT3_IRQHandler                   0x08000387   Thumb Code     0  startup_stm32h750xx.o(.text)
    DMA1_Stream1_IRQHandler                  0x08000387   Thumb Code     0  startup_stm32h750xx.o(.text)
    DMA1_Stream2_IRQHandler                  0x08000387   Thumb Code     0  startup_stm32h750xx.o(.text)
    DMA1_Stream3_IRQHandler                  0x08000387   Thumb Code     0  startup_stm32h750xx.o(.text)
    DMA1_Stream4_IRQHandler                  0x08000387   Thumb Code     0  startup_stm32h750xx.o(.text)
    DMA1_Stream5_IRQHandler                  0x08000387   Thumb Code     0  startup_stm32h750xx.o(.text)
    DMA1_Stream6_IRQHandler                  0x08000387   Thumb Code     0  startup_stm32h750xx.o(.text)
    DMA1_Stream7_IRQHandler                  0x08000387   Thumb Code     0  startup_stm32h750xx.o(.text)
    DMA2D_IRQHandler                         0x08000387   Thumb Code     0  startup_stm32h750xx.o(.text)
    DMA2_Stream0_IRQHandler                  0x08000387   Thumb Code     0  startup_stm32h750xx.o(.text)
    DMA2_Stream1_IRQHandler                  0x08000387   Thumb Code     0  startup_stm32h750xx.o(.text)
    DMA2_Stream2_IRQHandler                  0x08000387   Thumb Code     0  startup_stm32h750xx.o(.text)
    DMA2_Stream3_IRQHandler                  0x08000387   Thumb Code     0  startup_stm32h750xx.o(.text)
    DMA2_Stream4_IRQHandler                  0x08000387   Thumb Code     0  startup_stm32h750xx.o(.text)
    DMA2_Stream5_IRQHandler                  0x08000387   Thumb Code     0  startup_stm32h750xx.o(.text)
    DMA2_Stream6_IRQHandler                  0x08000387   Thumb Code     0  startup_stm32h750xx.o(.text)
    DMA2_Stream7_IRQHandler                  0x08000387   Thumb Code     0  startup_stm32h750xx.o(.text)
    DMAMUX1_OVR_IRQHandler                   0x08000387   Thumb Code     0  startup_stm32h750xx.o(.text)
    DMAMUX2_OVR_IRQHandler                   0x08000387   Thumb Code     0  startup_stm32h750xx.o(.text)
    ECC_IRQHandler                           0x08000387   Thumb Code     0  startup_stm32h750xx.o(.text)
    ETH_IRQHandler                           0x08000387   Thumb Code     0  startup_stm32h750xx.o(.text)
    ETH_WKUP_IRQHandler                      0x08000387   Thumb Code     0  startup_stm32h750xx.o(.text)
    EXTI0_IRQHandler                         0x08000387   Thumb Code     0  startup_stm32h750xx.o(.text)
    EXTI15_10_IRQHandler                     0x08000387   Thumb Code     0  startup_stm32h750xx.o(.text)
    EXTI1_IRQHandler                         0x08000387   Thumb Code     0  startup_stm32h750xx.o(.text)
    EXTI2_IRQHandler                         0x08000387   Thumb Code     0  startup_stm32h750xx.o(.text)
    EXTI3_IRQHandler                         0x08000387   Thumb Code     0  startup_stm32h750xx.o(.text)
    EXTI4_IRQHandler                         0x08000387   Thumb Code     0  startup_stm32h750xx.o(.text)
    EXTI9_5_IRQHandler                       0x08000387   Thumb Code     0  startup_stm32h750xx.o(.text)
    FDCAN1_IT0_IRQHandler                    0x08000387   Thumb Code     0  startup_stm32h750xx.o(.text)
    FDCAN1_IT1_IRQHandler                    0x08000387   Thumb Code     0  startup_stm32h750xx.o(.text)
    FDCAN2_IT0_IRQHandler                    0x08000387   Thumb Code     0  startup_stm32h750xx.o(.text)
    FDCAN2_IT1_IRQHandler                    0x08000387   Thumb Code     0  startup_stm32h750xx.o(.text)
    FDCAN_CAL_IRQHandler                     0x08000387   Thumb Code     0  startup_stm32h750xx.o(.text)
    FLASH_IRQHandler                         0x08000387   Thumb Code     0  startup_stm32h750xx.o(.text)
    FMC_IRQHandler                           0x08000387   Thumb Code     0  startup_stm32h750xx.o(.text)
    FPU_IRQHandler                           0x08000387   Thumb Code     0  startup_stm32h750xx.o(.text)
    HASH_RNG_IRQHandler                      0x08000387   Thumb Code     0  startup_stm32h750xx.o(.text)
    HRTIM1_FLT_IRQHandler                    0x08000387   Thumb Code     0  startup_stm32h750xx.o(.text)
    HRTIM1_Master_IRQHandler                 0x08000387   Thumb Code     0  startup_stm32h750xx.o(.text)
    HRTIM1_TIMA_IRQHandler                   0x08000387   Thumb Code     0  startup_stm32h750xx.o(.text)
    HRTIM1_TIMB_IRQHandler                   0x08000387   Thumb Code     0  startup_stm32h750xx.o(.text)
    HRTIM1_TIMC_IRQHandler                   0x08000387   Thumb Code     0  startup_stm32h750xx.o(.text)
    HRTIM1_TIMD_IRQHandler                   0x08000387   Thumb Code     0  startup_stm32h750xx.o(.text)
    HRTIM1_TIME_IRQHandler                   0x08000387   Thumb Code     0  startup_stm32h750xx.o(.text)
    HSEM1_IRQHandler                         0x08000387   Thumb Code     0  startup_stm32h750xx.o(.text)
    I2C1_ER_IRQHandler                       0x08000387   Thumb Code     0  startup_stm32h750xx.o(.text)
    I2C1_EV_IRQHandler                       0x08000387   Thumb Code     0  startup_stm32h750xx.o(.text)
    I2C2_ER_IRQHandler                       0x08000387   Thumb Code     0  startup_stm32h750xx.o(.text)
    I2C2_EV_IRQHandler                       0x08000387   Thumb Code     0  startup_stm32h750xx.o(.text)
    I2C3_ER_IRQHandler                       0x08000387   Thumb Code     0  startup_stm32h750xx.o(.text)
    I2C3_EV_IRQHandler                       0x08000387   Thumb Code     0  startup_stm32h750xx.o(.text)
    I2C4_ER_IRQHandler                       0x08000387   Thumb Code     0  startup_stm32h750xx.o(.text)
    I2C4_EV_IRQHandler                       0x08000387   Thumb Code     0  startup_stm32h750xx.o(.text)
    JPEG_IRQHandler                          0x08000387   Thumb Code     0  startup_stm32h750xx.o(.text)
    LPTIM1_IRQHandler                        0x08000387   Thumb Code     0  startup_stm32h750xx.o(.text)
    LPTIM2_IRQHandler                        0x08000387   Thumb Code     0  startup_stm32h750xx.o(.text)
    LPTIM3_IRQHandler                        0x08000387   Thumb Code     0  startup_stm32h750xx.o(.text)
    LPTIM4_IRQHandler                        0x08000387   Thumb Code     0  startup_stm32h750xx.o(.text)
    LPTIM5_IRQHandler                        0x08000387   Thumb Code     0  startup_stm32h750xx.o(.text)
    LTDC_ER_IRQHandler                       0x08000387   Thumb Code     0  startup_stm32h750xx.o(.text)
    LTDC_IRQHandler                          0x08000387   Thumb Code     0  startup_stm32h750xx.o(.text)
    MDIOS_IRQHandler                         0x08000387   Thumb Code     0  startup_stm32h750xx.o(.text)
    MDIOS_WKUP_IRQHandler                    0x08000387   Thumb Code     0  startup_stm32h750xx.o(.text)
    MDMA_IRQHandler                          0x08000387   Thumb Code     0  startup_stm32h750xx.o(.text)
    OTG_FS_EP1_IN_IRQHandler                 0x08000387   Thumb Code     0  startup_stm32h750xx.o(.text)
    OTG_FS_EP1_OUT_IRQHandler                0x08000387   Thumb Code     0  startup_stm32h750xx.o(.text)
    OTG_FS_IRQHandler                        0x08000387   Thumb Code     0  startup_stm32h750xx.o(.text)
    OTG_FS_WKUP_IRQHandler                   0x08000387   Thumb Code     0  startup_stm32h750xx.o(.text)
    OTG_HS_EP1_IN_IRQHandler                 0x08000387   Thumb Code     0  startup_stm32h750xx.o(.text)
    OTG_HS_EP1_OUT_IRQHandler                0x08000387   Thumb Code     0  startup_stm32h750xx.o(.text)
    OTG_HS_IRQHandler                        0x08000387   Thumb Code     0  startup_stm32h750xx.o(.text)
    OTG_HS_WKUP_IRQHandler                   0x08000387   Thumb Code     0  startup_stm32h750xx.o(.text)
    PVD_AVD_IRQHandler                       0x08000387   Thumb Code     0  startup_stm32h750xx.o(.text)
    QUADSPI_IRQHandler                       0x08000387   Thumb Code     0  startup_stm32h750xx.o(.text)
    RCC_IRQHandler                           0x08000387   Thumb Code     0  startup_stm32h750xx.o(.text)
    RTC_Alarm_IRQHandler                     0x08000387   Thumb Code     0  startup_stm32h750xx.o(.text)
    RTC_WKUP_IRQHandler                      0x08000387   Thumb Code     0  startup_stm32h750xx.o(.text)
    SAI1_IRQHandler                          0x08000387   Thumb Code     0  startup_stm32h750xx.o(.text)
    SAI2_IRQHandler                          0x08000387   Thumb Code     0  startup_stm32h750xx.o(.text)
    SAI3_IRQHandler                          0x08000387   Thumb Code     0  startup_stm32h750xx.o(.text)
    SAI4_IRQHandler                          0x08000387   Thumb Code     0  startup_stm32h750xx.o(.text)
    SDMMC1_IRQHandler                        0x08000387   Thumb Code     0  startup_stm32h750xx.o(.text)
    SDMMC2_IRQHandler                        0x08000387   Thumb Code     0  startup_stm32h750xx.o(.text)
    SPDIF_RX_IRQHandler                      0x08000387   Thumb Code     0  startup_stm32h750xx.o(.text)
    SPI1_IRQHandler                          0x08000387   Thumb Code     0  startup_stm32h750xx.o(.text)
    SPI2_IRQHandler                          0x08000387   Thumb Code     0  startup_stm32h750xx.o(.text)
    SPI3_IRQHandler                          0x08000387   Thumb Code     0  startup_stm32h750xx.o(.text)
    SPI4_IRQHandler                          0x08000387   Thumb Code     0  startup_stm32h750xx.o(.text)
    SPI5_IRQHandler                          0x08000387   Thumb Code     0  startup_stm32h750xx.o(.text)
    SPI6_IRQHandler                          0x08000387   Thumb Code     0  startup_stm32h750xx.o(.text)
    SWPMI1_IRQHandler                        0x08000387   Thumb Code     0  startup_stm32h750xx.o(.text)
    TAMP_STAMP_IRQHandler                    0x08000387   Thumb Code     0  startup_stm32h750xx.o(.text)
    TIM15_IRQHandler                         0x08000387   Thumb Code     0  startup_stm32h750xx.o(.text)
    TIM16_IRQHandler                         0x08000387   Thumb Code     0  startup_stm32h750xx.o(.text)
    TIM1_BRK_IRQHandler                      0x08000387   Thumb Code     0  startup_stm32h750xx.o(.text)
    TIM1_CC_IRQHandler                       0x08000387   Thumb Code     0  startup_stm32h750xx.o(.text)
    TIM1_TRG_COM_IRQHandler                  0x08000387   Thumb Code     0  startup_stm32h750xx.o(.text)
    TIM1_UP_IRQHandler                       0x08000387   Thumb Code     0  startup_stm32h750xx.o(.text)
    TIM2_IRQHandler                          0x08000387   Thumb Code     0  startup_stm32h750xx.o(.text)
    TIM3_IRQHandler                          0x08000387   Thumb Code     0  startup_stm32h750xx.o(.text)
    TIM4_IRQHandler                          0x08000387   Thumb Code     0  startup_stm32h750xx.o(.text)
    TIM5_IRQHandler                          0x08000387   Thumb Code     0  startup_stm32h750xx.o(.text)
    TIM6_DAC_IRQHandler                      0x08000387   Thumb Code     0  startup_stm32h750xx.o(.text)
    TIM7_IRQHandler                          0x08000387   Thumb Code     0  startup_stm32h750xx.o(.text)
    TIM8_BRK_TIM12_IRQHandler                0x08000387   Thumb Code     0  startup_stm32h750xx.o(.text)
    TIM8_CC_IRQHandler                       0x08000387   Thumb Code     0  startup_stm32h750xx.o(.text)
    TIM8_TRG_COM_TIM14_IRQHandler            0x08000387   Thumb Code     0  startup_stm32h750xx.o(.text)
    TIM8_UP_TIM13_IRQHandler                 0x08000387   Thumb Code     0  startup_stm32h750xx.o(.text)
    UART4_IRQHandler                         0x08000387   Thumb Code     0  startup_stm32h750xx.o(.text)
    UART5_IRQHandler                         0x08000387   Thumb Code     0  startup_stm32h750xx.o(.text)
    UART7_IRQHandler                         0x08000387   Thumb Code     0  startup_stm32h750xx.o(.text)
    UART8_IRQHandler                         0x08000387   Thumb Code     0  startup_stm32h750xx.o(.text)
    USART1_IRQHandler                        0x08000387   Thumb Code     0  startup_stm32h750xx.o(.text)
    USART2_IRQHandler                        0x08000387   Thumb Code     0  startup_stm32h750xx.o(.text)
    USART6_IRQHandler                        0x08000387   Thumb Code     0  startup_stm32h750xx.o(.text)
    WAKEUP_PIN_IRQHandler                    0x08000387   Thumb Code     0  startup_stm32h750xx.o(.text)
    WWDG_IRQHandler                          0x08000387   Thumb Code     0  startup_stm32h750xx.o(.text)
    __aeabi_uldivmod                         0x08000391   Thumb Code    98  uldiv.o(.text)
    __aeabi_memcpy                           0x080003f3   Thumb Code    36  memcpya.o(.text)
    __aeabi_memcpy4                          0x080003f3   Thumb Code     0  memcpya.o(.text)
    __aeabi_memcpy8                          0x080003f3   Thumb Code     0  memcpya.o(.text)
    __aeabi_memset                           0x08000417   Thumb Code    14  memseta.o(.text)
    __aeabi_memset4                          0x08000417   Thumb Code     0  memseta.o(.text)
    __aeabi_memset8                          0x08000417   Thumb Code     0  memseta.o(.text)
    __aeabi_memclr                           0x08000425   Thumb Code     4  memseta.o(.text)
    __aeabi_memclr4                          0x08000425   Thumb Code     0  memseta.o(.text)
    __aeabi_memclr8                          0x08000425   Thumb Code     0  memseta.o(.text)
    memset                                   0x08000429   Thumb Code    18  memseta.o(.text)
    strstr                                   0x0800043b   Thumb Code    36  strstr.o(.text)
    strlen                                   0x0800045f   Thumb Code    14  strlen.o(.text)
    __aeabi_uidiv                            0x0800046d   Thumb Code     0  uidiv.o(.text)
    __aeabi_uidivmod                         0x0800046d   Thumb Code    44  uidiv.o(.text)
    __aeabi_llsl                             0x08000499   Thumb Code    30  llshl.o(.text)
    _ll_shift_l                              0x08000499   Thumb Code     0  llshl.o(.text)
    __aeabi_llsr                             0x080004b7   Thumb Code    32  llushr.o(.text)
    _ll_ushift_r                             0x080004b7   Thumb Code     0  llushr.o(.text)
    __I$use$fp                               0x080004d7   Thumb Code     0  iusefp.o(.text)
    __aeabi_dadd                             0x080004d7   Thumb Code   322  dadd.o(.text)
    __aeabi_dsub                             0x08000619   Thumb Code     6  dadd.o(.text)
    __aeabi_drsub                            0x0800061f   Thumb Code     6  dadd.o(.text)
    __aeabi_dmul                             0x08000625   Thumb Code   228  dmul.o(.text)
    __aeabi_ddiv                             0x08000709   Thumb Code   222  ddiv.o(.text)
    __aeabi_d2ulz                            0x080007e7   Thumb Code    48  dfixul.o(.text)
    __aeabi_cdrcmple                         0x08000819   Thumb Code    48  cdrcmple.o(.text)
    __scatterload                            0x08000849   Thumb Code    28  init.o(.text)
    __scatterload_rt2                        0x08000849   Thumb Code     0  init.o(.text)
    __aeabi_lasr                             0x0800086d   Thumb Code    36  llsshr.o(.text)
    _ll_sshift_r                             0x0800086d   Thumb Code     0  llsshr.o(.text)
    _double_round                            0x08000891   Thumb Code    30  depilogue.o(.text)
    _double_epilogue                         0x080008af   Thumb Code   156  depilogue.o(.text)
    BDMA_Channel0_IRQHandler                 0x0800094d   Thumb Code    10  stm32h7xx_it.o(i.BDMA_Channel0_IRQHandler)
    BDMA_Channel1_IRQHandler                 0x0800095d   Thumb Code    10  stm32h7xx_it.o(i.BDMA_Channel1_IRQHandler)
    BusFault_Handler                         0x0800096d   Thumb Code     4  stm32h7xx_it.o(i.BusFault_Handler)
    DMA1_Stream0_IRQHandler                  0x08000971   Thumb Code    28  stm32h7xx_it.o(i.DMA1_Stream0_IRQHandler)
    DebugMon_Handler                         0x08000f05   Thumb Code     2  stm32h7xx_it.o(i.DebugMon_Handler)
    Error_Handler                            0x08000f07   Thumb Code     6  main.o(i.Error_Handler)
    HAL_DMA_Abort                            0x08000f0d   Thumb Code  1236  stm32h7xx_hal_dma.o(i.HAL_DMA_Abort)
    HAL_DMA_Abort_IT                         0x080013e9   Thumb Code   906  stm32h7xx_hal_dma.o(i.HAL_DMA_Abort_IT)
    HAL_DMA_GetError                         0x08001781   Thumb Code     6  stm32h7xx_hal_dma.o(i.HAL_DMA_GetError)
    HAL_DMA_IRQHandler                       0x08001789   Thumb Code  2798  stm32h7xx_hal_dma.o(i.HAL_DMA_IRQHandler)
    HAL_DMA_Init                             0x08002281   Thumb Code  1304  stm32h7xx_hal_dma.o(i.HAL_DMA_Init)
    HAL_DMA_Start_IT                         0x080027a1   Thumb Code   980  stm32h7xx_hal_dma.o(i.HAL_DMA_Start_IT)
    HAL_Delay                                0x08002b81   Thumb Code    36  stm32h7xx_hal.o(i.HAL_Delay)
    HAL_GPIO_Init                            0x08002ba9   Thumb Code   456  stm32h7xx_hal_gpio.o(i.HAL_GPIO_Init)
    HAL_GPIO_TogglePin                       0x08002da5   Thumb Code    20  stm32h7xx_hal_gpio.o(i.HAL_GPIO_TogglePin)
    HAL_GPIO_WritePin                        0x08002db9   Thumb Code    12  stm32h7xx_hal_gpio.o(i.HAL_GPIO_WritePin)
    HAL_GetREVID                             0x08002dc5   Thumb Code     8  stm32h7xx_hal.o(i.HAL_GetREVID)
    HAL_GetTick                              0x08002dd1   Thumb Code     6  stm32h7xx_hal.o(i.HAL_GetTick)
    HAL_IncTick                              0x08002ddd   Thumb Code    16  stm32h7xx_hal.o(i.HAL_IncTick)
    HAL_Init                                 0x08002df5   Thumb Code    80  stm32h7xx_hal.o(i.HAL_Init)
    HAL_InitTick                             0x08002e55   Thumb Code   128  stm32h7xx_hal_timebase_tim.o(i.HAL_InitTick)
    HAL_MspInit                              0x08002ee9   Thumb Code    42  stm32h7xx_hal_msp.o(i.HAL_MspInit)
    HAL_NVIC_EnableIRQ                       0x08002f19   Thumb Code    40  stm32h7xx_hal_cortex.o(i.HAL_NVIC_EnableIRQ)
    HAL_NVIC_SetPriority                     0x08002f41   Thumb Code   122  stm32h7xx_hal_cortex.o(i.HAL_NVIC_SetPriority)
    HAL_NVIC_SetPriorityGrouping             0x08002fbd   Thumb Code    32  stm32h7xx_hal_cortex.o(i.HAL_NVIC_SetPriorityGrouping)
    HAL_PWREx_ConfigSupply                   0x08002fe5   Thumb Code    90  stm32h7xx_hal_pwr_ex.o(i.HAL_PWREx_ConfigSupply)
    HAL_RCCEx_GetD3PCLK1Freq                 0x08003045   Thumb Code    26  stm32h7xx_hal_rcc_ex.o(i.HAL_RCCEx_GetD3PCLK1Freq)
    HAL_RCCEx_GetPLL2ClockFreq               0x08003069   Thumb Code   536  stm32h7xx_hal_rcc_ex.o(i.HAL_RCCEx_GetPLL2ClockFreq)
    HAL_RCCEx_GetPLL3ClockFreq               0x08003299   Thumb Code   536  stm32h7xx_hal_rcc_ex.o(i.HAL_RCCEx_GetPLL3ClockFreq)
    HAL_RCCEx_PeriphCLKConfig                0x080034c9   Thumb Code  2910  stm32h7xx_hal_rcc_ex.o(i.HAL_RCCEx_PeriphCLKConfig)
    HAL_RCC_ClockConfig                      0x0800402d   Thumb Code   774  stm32h7xx_hal_rcc.o(i.HAL_RCC_ClockConfig)
    HAL_RCC_GetClockConfig                   0x0800434d   Thumb Code    98  stm32h7xx_hal_rcc.o(i.HAL_RCC_GetClockConfig)
    HAL_RCC_GetHCLKFreq                      0x080043b9   Thumb Code    60  stm32h7xx_hal_rcc.o(i.HAL_RCC_GetHCLKFreq)
    HAL_RCC_GetPCLK1Freq                     0x08004405   Thumb Code    26  stm32h7xx_hal_rcc.o(i.HAL_RCC_GetPCLK1Freq)
    HAL_RCC_GetPCLK2Freq                     0x08004429   Thumb Code    26  stm32h7xx_hal_rcc.o(i.HAL_RCC_GetPCLK2Freq)
    HAL_RCC_GetSysClockFreq                  0x0800444d   Thumb Code   524  stm32h7xx_hal_rcc.o(i.HAL_RCC_GetSysClockFreq)
    HAL_RCC_OscConfig                        0x08004679   Thumb Code  2048  stm32h7xx_hal_rcc.o(i.HAL_RCC_OscConfig)
    HAL_TIMEx_Break2Callback                 0x08004e79   Thumb Code     2  stm32h7xx_hal_tim_ex.o(i.HAL_TIMEx_Break2Callback)
    HAL_TIMEx_BreakCallback                  0x08004e7b   Thumb Code     2  stm32h7xx_hal_tim_ex.o(i.HAL_TIMEx_BreakCallback)
    HAL_TIMEx_CommutCallback                 0x08004e7d   Thumb Code     2  stm32h7xx_hal_tim_ex.o(i.HAL_TIMEx_CommutCallback)
    HAL_TIM_Base_Init                        0x08004e7f   Thumb Code   110  stm32h7xx_hal_tim.o(i.HAL_TIM_Base_Init)
    HAL_TIM_Base_MspInit                     0x08004eed   Thumb Code     2  stm32h7xx_hal_tim.o(i.HAL_TIM_Base_MspInit)
    HAL_TIM_Base_Start_IT                    0x08004ef1   Thumb Code   146  stm32h7xx_hal_tim.o(i.HAL_TIM_Base_Start_IT)
    HAL_TIM_IC_CaptureCallback               0x08004fa5   Thumb Code     2  stm32h7xx_hal_tim.o(i.HAL_TIM_IC_CaptureCallback)
    HAL_TIM_IRQHandler                       0x08004fa7   Thumb Code   440  stm32h7xx_hal_tim.o(i.HAL_TIM_IRQHandler)
    HAL_TIM_OC_DelayElapsedCallback          0x0800515f   Thumb Code     2  stm32h7xx_hal_tim.o(i.HAL_TIM_OC_DelayElapsedCallback)
    HAL_TIM_PWM_PulseFinishedCallback        0x08005161   Thumb Code     2  stm32h7xx_hal_tim.o(i.HAL_TIM_PWM_PulseFinishedCallback)
    HAL_TIM_PeriodElapsedCallback            0x08005165   Thumb Code    18  main.o(i.HAL_TIM_PeriodElapsedCallback)
    HAL_TIM_TriggerCallback                  0x0800517d   Thumb Code     2  stm32h7xx_hal_tim.o(i.HAL_TIM_TriggerCallback)
    HAL_UARTEx_DisableFifoMode               0x0800517f   Thumb Code    78  stm32h7xx_hal_uart_ex.o(i.HAL_UARTEx_DisableFifoMode)
    HAL_UARTEx_RxEventCallback               0x080051cd   Thumb Code     2  stm32h7xx_hal_uart.o(i.HAL_UARTEx_RxEventCallback)
    HAL_UARTEx_RxFifoFullCallback            0x080051cf   Thumb Code     2  stm32h7xx_hal_uart_ex.o(i.HAL_UARTEx_RxFifoFullCallback)
    HAL_UARTEx_SetRxFifoThreshold            0x080051d1   Thumb Code    94  stm32h7xx_hal_uart_ex.o(i.HAL_UARTEx_SetRxFifoThreshold)
    HAL_UARTEx_SetTxFifoThreshold            0x0800522f   Thumb Code    94  stm32h7xx_hal_uart_ex.o(i.HAL_UARTEx_SetTxFifoThreshold)
    HAL_UARTEx_TxFifoEmptyCallback           0x0800528d   Thumb Code     2  stm32h7xx_hal_uart_ex.o(i.HAL_UARTEx_TxFifoEmptyCallback)
    HAL_UARTEx_WakeupCallback                0x0800528f   Thumb Code     2  stm32h7xx_hal_uart_ex.o(i.HAL_UARTEx_WakeupCallback)
    HAL_UART_DMAStop                         0x08005291   Thumb Code   184  stm32h7xx_hal_uart.o(i.HAL_UART_DMAStop)
    HAL_UART_ErrorCallback                   0x08005349   Thumb Code     2  stm32h7xx_hal_uart.o(i.HAL_UART_ErrorCallback)
    HAL_UART_IRQHandler                      0x0800534d   Thumb Code  1112  stm32h7xx_hal_uart.o(i.HAL_UART_IRQHandler)
    HAL_UART_Init                            0x080057a5   Thumb Code   120  stm32h7xx_hal_uart.o(i.HAL_UART_Init)
    HAL_UART_MspInit                         0x0800581d   Thumb Code   472  usart.o(i.HAL_UART_MspInit)
    HAL_UART_Receive_DMA                     0x08005a1d   Thumb Code   110  stm32h7xx_hal_uart.o(i.HAL_UART_Receive_DMA)
    HAL_UART_RxCpltCallback                  0x08005a91   Thumb Code     2  stm32h7xx_hal_uart.o(i.HAL_UART_RxCpltCallback)
    HAL_UART_RxHalfCpltCallback              0x08005a93   Thumb Code     2  stm32h7xx_hal_uart.o(i.HAL_UART_RxHalfCpltCallback)
    HAL_UART_Transmit                        0x08005a95   Thumb Code   214  stm32h7xx_hal_uart.o(i.HAL_UART_Transmit)
    HAL_UART_Transmit_DMA                    0x08005b6d   Thumb Code   190  stm32h7xx_hal_uart.o(i.HAL_UART_Transmit_DMA)
    HAL_UART_TxCpltCallback                  0x08005c39   Thumb Code     2  stm32h7xx_hal_uart.o(i.HAL_UART_TxCpltCallback)
    HAL_UART_TxHalfCpltCallback              0x08005c3b   Thumb Code     2  stm32h7xx_hal_uart.o(i.HAL_UART_TxHalfCpltCallback)
    HardFault_Handler                        0x08005c3d   Thumb Code     4  stm32h7xx_it.o(i.HardFault_Handler)
    LPUART1_IRQHandler                       0x08005c41   Thumb Code   272  stm32h7xx_it.o(i.LPUART1_IRQHandler)
    MQTT_CONNECT                             0x08005d6d   Thumb Code   370  devmqtt.o(i.MQTT_CONNECT)
    MQTT_PINGREQ                             0x08005f21   Thumb Code    78  devmqtt.o(i.MQTT_PINGREQ)
    MQTT_PUBLISH                             0x08005fa5   Thumb Code   406  devmqtt.o(i.MQTT_PUBLISH)
    MQTT_PUBREL                              0x08006229   Thumb Code   156  devmqtt.o(i.MQTT_PUBREL)
    MQTT_RECDATA_PROCESS                     0x08006311   Thumb Code   182  devmqtt.o(i.MQTT_RECDATA_PROCESS)
    MQTT_SUBSCRIBE                           0x080063f1   Thumb Code   232  devmqtt.o(i.MQTT_SUBSCRIBE)
    MX_BDMA_Init                             0x0800651d   Thumb Code    64  bdma.o(i.MX_BDMA_Init)
    MX_DMA_Init                              0x08006561   Thumb Code    48  dma.o(i.MX_DMA_Init)
    MX_FREERTOS_Init                         0x08006595   Thumb Code   108  freertos.o(i.MX_FREERTOS_Init)
    MX_GPIO_Init                             0x08006659   Thumb Code   216  gpio.o(i.MX_GPIO_Init)
    MX_LPUART1_UART_Init                     0x0800673d   Thumb Code    98  usart.o(i.MX_LPUART1_UART_Init)
    MX_USART3_UART_Init                      0x080067a9   Thumb Code    98  usart.o(i.MX_USART3_UART_Init)
    MY_CMD_INIT                              0x08006815   Thumb Code    36  usart.o(i.MY_CMD_INIT)
    MY_UART_Transmit                         0x08006845   Thumb Code    72  usart.o(i.MY_UART_Transmit)
    MY_WIFI_INIT                             0x0800689d   Thumb Code    16  usart.o(i.MY_WIFI_INIT)
    MemManage_Handler                        0x080068b5   Thumb Code     4  stm32h7xx_it.o(i.MemManage_Handler)
    MqttTask                                 0x080068b9   Thumb Code   180  freertos.o(i.MqttTask)
    NMI_Handler                              0x08006a1d   Thumb Code     4  stm32h7xx_it.o(i.NMI_Handler)
    StartDefaultTask                         0x08006ce9   Thumb Code    10  freertos.o(i.StartDefaultTask)
    StatusTask                               0x08006cf5   Thumb Code    20  freertos.o(i.StatusTask)
    SysTick_Handler                          0x08006d0d   Thumb Code    22  cmsis_os2.o(i.SysTick_Handler)
    SystemClock_Config                       0x08006d25   Thumb Code   204  main.o(i.SystemClock_Config)
    SystemInit                               0x08006df9   Thumb Code   212  system_stm32h7xx.o(i.SystemInit)
    TIM17_IRQHandler                         0x08006ef5   Thumb Code    10  stm32h7xx_it.o(i.TIM17_IRQHandler)
    TIM_Base_SetConfig                       0x08006f05   Thumb Code   170  stm32h7xx_hal_tim.o(i.TIM_Base_SetConfig)
    UART_AdvFeatureConfig                    0x08007029   Thumb Code   248  stm32h7xx_hal_uart.o(i.UART_AdvFeatureConfig)
    UART_CheckIdleState                      0x08007121   Thumb Code   118  stm32h7xx_hal_uart.o(i.UART_CheckIdleState)
    UART_SetConfig                           0x08007419   Thumb Code  1402  stm32h7xx_hal_uart.o(i.UART_SetConfig)
    UART_Start_Receive_DMA                   0x080079a5   Thumb Code   200  stm32h7xx_hal_uart.o(i.UART_Start_Receive_DMA)
    UART_WaitOnFlagUntilTimeout              0x08007a79   Thumb Code   254  stm32h7xx_hal_uart.o(i.UART_WaitOnFlagUntilTimeout)
    USART3_IRQHandler                        0x08007b79   Thumb Code    10  stm32h7xx_it.o(i.USART3_IRQHandler)
    UsageFault_Handler                       0x08007b89   Thumb Code     4  stm32h7xx_it.o(i.UsageFault_Handler)
    Usart01Task                              0x08007b8d   Thumb Code   102  freertos.o(i.Usart01Task)
    Usart3Task                               0x08007c15   Thumb Code   364  freertos.o(i.Usart3Task)
    WifiTask                                 0x08007e21   Thumb Code   244  freertos.o(i.WifiTask)
    Wifi_BackData_Verify                     0x08008031   Thumb Code    94  dev8266.o(i.Wifi_BackData_Verify)
    Wifi_ConnectMode                         0x080080c1   Thumb Code    72  dev8266.o(i.Wifi_ConnectMode)
    Wifi_IsReady                             0x0800813d   Thumb Code    62  dev8266.o(i.Wifi_IsReady)
    Wifi_JoinWifi                            0x080081b9   Thumb Code    76  dev8266.o(i.Wifi_JoinWifi)
    Wifi_Reset                               0x08008241   Thumb Code    72  dev8266.o(i.Wifi_Reset)
    Wifi_SendBufData                         0x08008299   Thumb Code    20  dev8266.o(i.Wifi_SendBufData)
    Wifi_TCPConnect                          0x080082b5   Thumb Code    76  dev8266.o(i.Wifi_TCPConnect)
    Wifi_TransmissionMode                    0x08008341   Thumb Code   122  dev8266.o(i.Wifi_TransmissionMode)
    Wifi_WIFIMODE                            0x08008405   Thumb Code    70  dev8266.o(i.Wifi_WIFIMODE)
    __0printf                                0x08008481   Thumb Code    22  printfa.o(i.__0printf)
    __1printf                                0x08008481   Thumb Code     0  printfa.o(i.__0printf)
    __2printf                                0x08008481   Thumb Code     0  printfa.o(i.__0printf)
    __c89printf                              0x08008481   Thumb Code     0  printfa.o(i.__0printf)
    printf                                   0x08008481   Thumb Code     0  printfa.o(i.__0printf)
    __0vsprintf                              0x080084a1   Thumb Code    30  printfa.o(i.__0vsprintf)
    __1vsprintf                              0x080084a1   Thumb Code     0  printfa.o(i.__0vsprintf)
    __2vsprintf                              0x080084a1   Thumb Code     0  printfa.o(i.__0vsprintf)
    __c89vsprintf                            0x080084a1   Thumb Code     0  printfa.o(i.__0vsprintf)
    vsprintf                                 0x080084a1   Thumb Code     0  printfa.o(i.__0vsprintf)
    __scatterload_copy                       0x08008503   Thumb Code    14  handlers.o(i.__scatterload_copy)
    __scatterload_null                       0x08008511   Thumb Code     2  handlers.o(i.__scatterload_null)
    __scatterload_zeroinit                   0x08008513   Thumb Code    14  handlers.o(i.__scatterload_zeroinit)
    fputc                                    0x08008ddd   Thumb Code    20  usart.o(i.fputc)
    free                                     0x08008df5   Thumb Code    76  malloc.o(i.free)
    main                                     0x08008e45   Thumb Code    44  main.o(i.main)
    malloc                                   0x08008e71   Thumb Code    92  malloc.o(i.malloc)
    osDelay                                  0x08008edd   Thumb Code    30  cmsis_os2.o(i.osDelay)
    osEventFlagsClear                        0x08008efb   Thumb Code    70  cmsis_os2.o(i.osEventFlagsClear)
    osEventFlagsGet                          0x08008f41   Thumb Code    42  cmsis_os2.o(i.osEventFlagsGet)
    osEventFlagsNew                          0x08008f6b   Thumb Code    70  cmsis_os2.o(i.osEventFlagsNew)
    osEventFlagsSet                          0x08008fb1   Thumb Code    88  cmsis_os2.o(i.osEventFlagsSet)
    osEventFlagsWait                         0x0800900d   Thumb Code   144  cmsis_os2.o(i.osEventFlagsWait)
    osKernelInitialize                       0x0800909d   Thumb Code    38  cmsis_os2.o(i.osKernelInitialize)
    osKernelStart                            0x080090c9   Thumb Code    82  cmsis_os2.o(i.osKernelStart)
    osThreadNew                              0x08009129   Thumb Code   184  cmsis_os2.o(i.osThreadNew)
    pvPortMalloc                             0x08009c25   Thumb Code   306  heap_4.o(i.pvPortMalloc)
    pxPortInitialiseStack                    0x08009d71   Thumb Code    38  port.o(i.pxPortInitialiseStack)
    uxListRemove                             0x08009d9d   Thumb Code    40  list.o(i.uxListRemove)
    uxTaskResetEventItemValue                0x08009dc5   Thumb Code    24  tasks.o(i.uxTaskResetEventItemValue)
    vApplicationGetIdleTaskMemory            0x08009de1   Thumb Code    14  cmsis_os2.o(i.vApplicationGetIdleTaskMemory)
    vApplicationGetTimerTaskMemory           0x08009df9   Thumb Code    16  cmsis_os2.o(i.vApplicationGetTimerTaskMemory)
    vEventGroupClearBitsCallback             0x08009e11   Thumb Code    16  event_groups.o(i.vEventGroupClearBitsCallback)
    vEventGroupSetBitsCallback               0x08009e21   Thumb Code    16  event_groups.o(i.vEventGroupSetBitsCallback)
    vListInitialise                          0x08009e31   Thumb Code    26  list.o(i.vListInitialise)
    vListInitialiseItem                      0x08009e4b   Thumb Code     6  list.o(i.vListInitialiseItem)
    vListInsert                              0x08009e51   Thumb Code    52  list.o(i.vListInsert)
    vListInsertEnd                           0x08009e85   Thumb Code    24  list.o(i.vListInsertEnd)
    vPortEnterCritical                       0x08009e9d   Thumb Code    76  port.o(i.vPortEnterCritical)
    vPortExitCritical                        0x08009ef1   Thumb Code    56  port.o(i.vPortExitCritical)
    vPortFree                                0x08009f2d   Thumb Code   150  heap_4.o(i.vPortFree)
    vPortSetupTimerInterrupt                 0x08009fd1   Thumb Code    36  port.o(i.vPortSetupTimerInterrupt)
    vPortValidateInterruptPriority           0x08009ff9   Thumb Code   106  port.o(i.vPortValidateInterruptPriority)
    vQueueAddToRegistry                      0x0800a071   Thumb Code    38  queue.o(i.vQueueAddToRegistry)
    vQueueWaitForMessageRestricted           0x0800a09d   Thumb Code    74  queue.o(i.vQueueWaitForMessageRestricted)
    vTaskDelay                               0x0800a0e9   Thumb Code    82  tasks.o(i.vTaskDelay)
    vTaskInternalSetTimeOutState             0x0800a145   Thumb Code    14  tasks.o(i.vTaskInternalSetTimeOutState)
    vTaskMissedYield                         0x0800a15d   Thumb Code     8  tasks.o(i.vTaskMissedYield)
    vTaskPlaceOnEventList                    0x0800a169   Thumb Code    52  tasks.o(i.vTaskPlaceOnEventList)
    vTaskPlaceOnEventListRestricted          0x0800a1a1   Thumb Code    60  tasks.o(i.vTaskPlaceOnEventListRestricted)
    vTaskPlaceOnUnorderedEventList           0x0800a1e1   Thumb Code   100  tasks.o(i.vTaskPlaceOnUnorderedEventList)
    vTaskRemoveFromUnorderedEventList        0x0800a24d   Thumb Code   140  tasks.o(i.vTaskRemoveFromUnorderedEventList)
    vTaskStartScheduler                      0x0800a2ed   Thumb Code   156  tasks.o(i.vTaskStartScheduler)
    vTaskSuspendAll                          0x0800a3a5   Thumb Code    12  tasks.o(i.vTaskSuspendAll)
    vTaskSwitchContext                       0x0800a3b5   Thumb Code   122  tasks.o(i.vTaskSwitchContext)
    xEventGroupClearBits                     0x0800a445   Thumb Code    92  event_groups.o(i.xEventGroupClearBits)
    xEventGroupClearBitsFromISR              0x0800a4a1   Thumb Code    24  event_groups.o(i.xEventGroupClearBitsFromISR)
    xEventGroupCreate                        0x0800a4bd   Thumb Code    30  event_groups.o(i.xEventGroupCreate)
    xEventGroupCreateStatic                  0x0800a4db   Thumb Code    90  event_groups.o(i.xEventGroupCreateStatic)
    xEventGroupGetBitsFromISR                0x0800a535   Thumb Code    44  event_groups.o(i.xEventGroupGetBitsFromISR)
    xEventGroupSetBits                       0x0800a561   Thumb Code   206  event_groups.o(i.xEventGroupSetBits)
    xEventGroupSetBitsFromISR                0x0800a631   Thumb Code    30  event_groups.o(i.xEventGroupSetBitsFromISR)
    xEventGroupWaitBits                      0x0800a655   Thumb Code   338  event_groups.o(i.xEventGroupWaitBits)
    xPortStartScheduler                      0x0800a7ad   Thumb Code   330  port.o(i.xPortStartScheduler)
    xPortSysTickHandler                      0x0800a915   Thumb Code    46  port.o(i.xPortSysTickHandler)
    xQueueGenericCreateStatic                0x0800a949   Thumb Code   224  queue.o(i.xQueueGenericCreateStatic)
    xQueueGenericReset                       0x0800aa29   Thumb Code   146  queue.o(i.xQueueGenericReset)
    xQueueGenericSend                        0x0800aac1   Thumb Code   420  queue.o(i.xQueueGenericSend)
    xQueueGenericSendFromISR                 0x0800ac69   Thumb Code   252  queue.o(i.xQueueGenericSendFromISR)
    xQueueReceive                            0x0800ad65   Thumb Code   356  queue.o(i.xQueueReceive)
    xTaskCheckForTimeOut                     0x0800aecd   Thumb Code   132  tasks.o(i.xTaskCheckForTimeOut)
    xTaskCreate                              0x0800af59   Thumb Code   100  tasks.o(i.xTaskCreate)
    xTaskCreateStatic                        0x0800afbd   Thumb Code   186  tasks.o(i.xTaskCreateStatic)
    xTaskGetSchedulerState                   0x0800b079   Thumb Code    24  tasks.o(i.xTaskGetSchedulerState)
    xTaskGetTickCount                        0x0800b099   Thumb Code     6  tasks.o(i.xTaskGetTickCount)
    xTaskIncrementTick                       0x0800b0a5   Thumb Code   280  tasks.o(i.xTaskIncrementTick)
    xTaskPriorityDisinherit                  0x0800b1e9   Thumb Code   152  tasks.o(i.xTaskPriorityDisinherit)
    xTaskRemoveFromEventList                 0x0800b28d   Thumb Code   126  tasks.o(i.xTaskRemoveFromEventList)
    xTaskResumeAll                           0x0800b325   Thumb Code   222  tasks.o(i.xTaskResumeAll)
    xTimerCreateTimerTask                    0x0800b429   Thumb Code   100  timers.o(i.xTimerCreateTimerTask)
    xTimerGenericCommand                     0x0800b4a1   Thumb Code   128  timers.o(i.xTimerGenericCommand)
    xTimerPendFunctionCallFromISR            0x0800b525   Thumb Code    48  timers.o(i.xTimerPendFunctionCallFromISR)
    defaultTask_attributes                   0x0800b558   Data          36  freertos.o(.constdata)
    usart1Task_attributes                    0x0800b57c   Data          36  freertos.o(.constdata)
    wifiTask_attributes                      0x0800b5a0   Data          36  freertos.o(.constdata)
    usart3task_attributes                    0x0800b5c4   Data          36  freertos.o(.constdata)
    statusTask_attributes                    0x0800b5e8   Data          36  freertos.o(.constdata)
    mqttTask_attributes                      0x0800b60c   Data          36  freertos.o(.constdata)
    usart1Event_attributes                   0x0800b630   Data          16  freertos.o(.constdata)
    initEvent_attributes                     0x0800b640   Data          16  freertos.o(.constdata)
    D1CorePrescTable                         0x0800b650   Data          16  system_stm32h7xx.o(.constdata)
    UARTPrescTable                           0x0800b668   Data          24  stm32h7xx_hal_uart.o(.constdata)
    MQTT_CLIENTID                            0x0800b690   Data          10  devmqtt.o(.constdata)
    MQTT_USERNAME                            0x0800b69a   Data           7  devmqtt.o(.constdata)
    MQTT_USERPAWD                            0x0800b6a1   Data           5  devmqtt.o(.constdata)
    Region$$Table$$Base                      0x0800b708   Number         0  anon$$obj.o(Region$$Table)
    Region$$Table$$Limit                     0x0800b728   Number         0  anon$$obj.o(Region$$Table)
    rx_buffer_wifi                           0x24000000   Data        1024  stm32h7xx_it.o(.ARM.__at_0x24000000)
    tx_buffer_wifi                           0x24000400   Data        1024  stm32h7xx_it.o(.ARM.__at_0x24000400)
    defaultTaskHandle                        0x24000800   Data           4  freertos.o(.data)
    usart1TaskHandle                         0x24000804   Data           4  freertos.o(.data)
    wifiTaskHandle                           0x24000808   Data           4  freertos.o(.data)
    usart3taskHandle                         0x2400080c   Data           4  freertos.o(.data)
    statusTaskHandle                         0x24000810   Data           4  freertos.o(.data)
    mqttTaskHandle                           0x24000814   Data           4  freertos.o(.data)
    usart1EventHandle                        0x24000818   Data           4  freertos.o(.data)
    initEventHandle                          0x2400081c   Data           4  freertos.o(.data)
    rx_len_cmd                               0x24000824   Data           1  stm32h7xx_it.o(.data)
    rx_len_wifi                              0x24000825   Data           1  stm32h7xx_it.o(.data)
    rx_flag_wifi                             0x24000828   Data           4  stm32h7xx_it.o(.data)
    SystemCoreClock                          0x2400082c   Data           4  system_stm32h7xx.o(.data)
    SystemD2Clock                            0x24000830   Data           4  system_stm32h7xx.o(.data)
    uwTick                                   0x24000834   Data           4  stm32h7xx_hal.o(.data)
    uwTickPrio                               0x24000838   Data           4  stm32h7xx_hal.o(.data)
    uwTickFreq                               0x2400083c   Data           1  stm32h7xx_hal.o(.data)
    pxCurrentTCB                             0x24000840   Data           4  tasks.o(.data)
    __stdout                                 0x240008c0   Data           4  stdout.o(.data)
    __microlib_freelist                      0x240008c4   Data           4  mvars.o(.data)
    __microlib_freelist_initialised          0x240008c8   Data           4  mvars.o(.data)
    hlpuart1                                 0x240008cc   Data         144  usart.o(.bss)
    huart3                                   0x2400095c   Data         144  usart.o(.bss)
    hdma_lpuart1_rx                          0x240009ec   Data         120  usart.o(.bss)
    hdma_lpuart1_tx                          0x24000a64   Data         120  usart.o(.bss)
    hdma_usart3_rx                           0x24000adc   Data         120  usart.o(.bss)
    rx_data_wifi                             0x24000b54   Data        1024  stm32h7xx_it.o(.bss)
    htim17                                   0x24000f54   Data          76  stm32h7xx_hal_timebase_tim.o(.bss)
    xQueueRegistry                           0x24000fa0   Data          64  queue.o(.bss)
    __heap_base                              0x24005878   Data           0  startup_stm32h750xx.o(HEAP)
    __heap_limit                             0x24005a78   Data           0  startup_stm32h750xx.o(HEAP)
    __initial_sp                             0x24005e78   Data           0  startup_stm32h750xx.o(STACK)
    rx_buffer_cmd                            0x38000000   Data         200  stm32h7xx_it.o(.ARM.__at_0x38000000)
    tx_buffer_cmd                            0x380000e0   Data         200  stm32h7xx_it.o(.ARM.__at_0x380000E0)



==============================================================================

Memory Map of the image

  Image Entry point : 0x08000299

  Load Region LR_IROM1 (Base: 0x08000000, Size: 0x0000bff4, Max: 0x00020000, ABSOLUTE)

    Execution Region ER_IROM1 (Exec base: 0x08000000, Load base: 0x08000000, Size: 0x0000b728, Max: 0x00020000, ABSOLUTE)

    Exec Addr    Load Addr    Size         Type   Attr      Idx    E Section Name        Object

    0x08000000   0x08000000   0x00000298   Data   RO            3    RESET               startup_stm32h750xx.o
    0x08000298   0x08000298   0x00000000   Code   RO         6686  * .ARM.Collect$$$$00000000  mc_w.l(entry.o)
    0x08000298   0x08000298   0x00000004   Code   RO         6992    .ARM.Collect$$$$00000001  mc_w.l(entry2.o)
    0x0800029c   0x0800029c   0x00000004   Code   RO         6995    .ARM.Collect$$$$00000004  mc_w.l(entry5.o)
    0x080002a0   0x080002a0   0x00000000   Code   RO         6997    .ARM.Collect$$$$00000008  mc_w.l(entry7b.o)
    0x080002a0   0x080002a0   0x00000000   Code   RO         6999    .ARM.Collect$$$$0000000A  mc_w.l(entry8b.o)
    0x080002a0   0x080002a0   0x00000008   Code   RO         7000    .ARM.Collect$$$$0000000B  mc_w.l(entry9a.o)
    0x080002a8   0x080002a8   0x00000000   Code   RO         7002    .ARM.Collect$$$$0000000D  mc_w.l(entry10a.o)
    0x080002a8   0x080002a8   0x00000000   Code   RO         7004    .ARM.Collect$$$$0000000F  mc_w.l(entry11a.o)
    0x080002a8   0x080002a8   0x00000004   Code   RO         6993    .ARM.Collect$$$$00002712  mc_w.l(entry2.o)
    0x080002ac   0x080002ac   0x000000be   Code   RO         6415    .emb_text           port.o
    0x0800036a   0x0800036a   0x00000002   PAD
    0x0800036c   0x0800036c   0x00000024   Code   RO            4    .text               startup_stm32h750xx.o
    0x08000390   0x08000390   0x00000062   Code   RO         6689    .text               mc_w.l(uldiv.o)
    0x080003f2   0x080003f2   0x00000024   Code   RO         6691    .text               mc_w.l(memcpya.o)
    0x08000416   0x08000416   0x00000024   Code   RO         6695    .text               mc_w.l(memseta.o)
    0x0800043a   0x0800043a   0x00000024   Code   RO         6697    .text               mc_w.l(strstr.o)
    0x0800045e   0x0800045e   0x0000000e   Code   RO         6699    .text               mc_w.l(strlen.o)
    0x0800046c   0x0800046c   0x0000002c   Code   RO         7007    .text               mc_w.l(uidiv.o)
    0x08000498   0x08000498   0x0000001e   Code   RO         7009    .text               mc_w.l(llshl.o)
    0x080004b6   0x080004b6   0x00000020   Code   RO         7011    .text               mc_w.l(llushr.o)
    0x080004d6   0x080004d6   0x00000000   Code   RO         7015    .text               mc_w.l(iusefp.o)
    0x080004d6   0x080004d6   0x0000014e   Code   RO         7016    .text               mf_w.l(dadd.o)
    0x08000624   0x08000624   0x000000e4   Code   RO         7018    .text               mf_w.l(dmul.o)
    0x08000708   0x08000708   0x000000de   Code   RO         7020    .text               mf_w.l(ddiv.o)
    0x080007e6   0x080007e6   0x00000030   Code   RO         7022    .text               mf_w.l(dfixul.o)
    0x08000816   0x08000816   0x00000002   PAD
    0x08000818   0x08000818   0x00000030   Code   RO         7024    .text               mf_w.l(cdrcmple.o)
    0x08000848   0x08000848   0x00000024   Code   RO         7026    .text               mc_w.l(init.o)
    0x0800086c   0x0800086c   0x00000024   Code   RO         7028    .text               mc_w.l(llsshr.o)
    0x08000890   0x08000890   0x000000ba   Code   RO         7030    .text               mf_w.l(depilogue.o)
    0x0800094a   0x0800094a   0x00000002   PAD
    0x0800094c   0x0800094c   0x00000010   Code   RO          470    i.BDMA_Channel0_IRQHandler  stm32h7xx_it.o
    0x0800095c   0x0800095c   0x00000010   Code   RO          471    i.BDMA_Channel1_IRQHandler  stm32h7xx_it.o
    0x0800096c   0x0800096c   0x00000004   Code   RO          472    i.BusFault_Handler  stm32h7xx_it.o
    0x08000970   0x08000970   0x00000028   Code   RO          473    i.DMA1_Stream0_IRQHandler  stm32h7xx_it.o
    0x08000998   0x08000998   0x000000ec   Code   RO         1519    i.DMA_CalcBaseAndBitshift  stm32h7xx_hal_dma.o
    0x08000a84   0x08000a84   0x000000c4   Code   RO         1520    i.DMA_CalcDMAMUXChannelBaseAndMask  stm32h7xx_hal_dma.o
    0x08000b48   0x08000b48   0x00000098   Code   RO         1521    i.DMA_CalcDMAMUXRequestGenBaseAndMask  stm32h7xx_hal_dma.o
    0x08000be0   0x08000be0   0x000000ae   Code   RO         1522    i.DMA_CheckFifoParam  stm32h7xx_hal_dma.o
    0x08000c8e   0x08000c8e   0x00000002   PAD
    0x08000c90   0x08000c90   0x00000274   Code   RO         1523    i.DMA_SetConfig     stm32h7xx_hal_dma.o
    0x08000f04   0x08000f04   0x00000002   Code   RO          474    i.DebugMon_Handler  stm32h7xx_it.o
    0x08000f06   0x08000f06   0x00000006   Code   RO           13    i.Error_Handler     main.o
    0x08000f0c   0x08000f0c   0x000004dc   Code   RO         1524    i.HAL_DMA_Abort     stm32h7xx_hal_dma.o
    0x080013e8   0x080013e8   0x00000398   Code   RO         1525    i.HAL_DMA_Abort_IT  stm32h7xx_hal_dma.o
    0x08001780   0x08001780   0x00000006   Code   RO         1527    i.HAL_DMA_GetError  stm32h7xx_hal_dma.o
    0x08001786   0x08001786   0x00000002   PAD
    0x08001788   0x08001788   0x00000af8   Code   RO         1529    i.HAL_DMA_IRQHandler  stm32h7xx_hal_dma.o
    0x08002280   0x08002280   0x00000520   Code   RO         1530    i.HAL_DMA_Init      stm32h7xx_hal_dma.o
    0x080027a0   0x080027a0   0x000003e0   Code   RO         1534    i.HAL_DMA_Start_IT  stm32h7xx_hal_dma.o
    0x08002b80   0x08002b80   0x00000028   Code   RO         2233    i.HAL_Delay         stm32h7xx_hal.o
    0x08002ba8   0x08002ba8   0x000001fc   Code   RO         1372    i.HAL_GPIO_Init     stm32h7xx_hal_gpio.o
    0x08002da4   0x08002da4   0x00000014   Code   RO         1375    i.HAL_GPIO_TogglePin  stm32h7xx_hal_gpio.o
    0x08002db8   0x08002db8   0x0000000c   Code   RO         1376    i.HAL_GPIO_WritePin  stm32h7xx_hal_gpio.o
    0x08002dc4   0x08002dc4   0x0000000c   Code   RO         2244    i.HAL_GetREVID      stm32h7xx_hal.o
    0x08002dd0   0x08002dd0   0x0000000c   Code   RO         2245    i.HAL_GetTick       stm32h7xx_hal.o
    0x08002ddc   0x08002ddc   0x00000018   Code   RO         2251    i.HAL_IncTick       stm32h7xx_hal.o
    0x08002df4   0x08002df4   0x00000060   Code   RO         2252    i.HAL_Init          stm32h7xx_hal.o
    0x08002e54   0x08002e54   0x00000094   Code   RO          597    i.HAL_InitTick      stm32h7xx_hal_timebase_tim.o
    0x08002ee8   0x08002ee8   0x00000030   Code   RO          573    i.HAL_MspInit       stm32h7xx_hal_msp.o
    0x08002f18   0x08002f18   0x00000028   Code   RO          679    i.HAL_NVIC_EnableIRQ  stm32h7xx_hal_cortex.o
    0x08002f40   0x08002f40   0x0000007a   Code   RO          685    i.HAL_NVIC_SetPriority  stm32h7xx_hal_cortex.o
    0x08002fba   0x08002fba   0x00000002   PAD
    0x08002fbc   0x08002fbc   0x00000028   Code   RO          686    i.HAL_NVIC_SetPriorityGrouping  stm32h7xx_hal_cortex.o
    0x08002fe4   0x08002fe4   0x00000060   Code   RO         1973    i.HAL_PWREx_ConfigSupply  stm32h7xx_hal_pwr_ex.o
    0x08003044   0x08003044   0x00000024   Code   RO          935    i.HAL_RCCEx_GetD3PCLK1Freq  stm32h7xx_hal_rcc_ex.o
    0x08003068   0x08003068   0x00000230   Code   RO          937    i.HAL_RCCEx_GetPLL2ClockFreq  stm32h7xx_hal_rcc_ex.o
    0x08003298   0x08003298   0x00000230   Code   RO          938    i.HAL_RCCEx_GetPLL3ClockFreq  stm32h7xx_hal_rcc_ex.o
    0x080034c8   0x080034c8   0x00000b64   Code   RO          944    i.HAL_RCCEx_PeriphCLKConfig  stm32h7xx_hal_rcc_ex.o
    0x0800402c   0x0800402c   0x00000320   Code   RO          820    i.HAL_RCC_ClockConfig  stm32h7xx_hal_rcc.o
    0x0800434c   0x0800434c   0x0000006c   Code   RO          824    i.HAL_RCC_GetClockConfig  stm32h7xx_hal_rcc.o
    0x080043b8   0x080043b8   0x0000004c   Code   RO          825    i.HAL_RCC_GetHCLKFreq  stm32h7xx_hal_rcc.o
    0x08004404   0x08004404   0x00000024   Code   RO          827    i.HAL_RCC_GetPCLK1Freq  stm32h7xx_hal_rcc.o
    0x08004428   0x08004428   0x00000024   Code   RO          828    i.HAL_RCC_GetPCLK2Freq  stm32h7xx_hal_rcc.o
    0x0800444c   0x0800444c   0x0000022c   Code   RO          829    i.HAL_RCC_GetSysClockFreq  stm32h7xx_hal_rcc.o
    0x08004678   0x08004678   0x00000800   Code   RO          832    i.HAL_RCC_OscConfig  stm32h7xx_hal_rcc.o
    0x08004e78   0x08004e78   0x00000002   Code   RO         4395    i.HAL_TIMEx_Break2Callback  stm32h7xx_hal_tim_ex.o
    0x08004e7a   0x08004e7a   0x00000002   Code   RO         4396    i.HAL_TIMEx_BreakCallback  stm32h7xx_hal_tim_ex.o
    0x08004e7c   0x08004e7c   0x00000002   Code   RO         4397    i.HAL_TIMEx_CommutCallback  stm32h7xx_hal_tim_ex.o
    0x08004e7e   0x08004e7e   0x0000006e   Code   RO         3670    i.HAL_TIM_Base_Init  stm32h7xx_hal_tim.o
    0x08004eec   0x08004eec   0x00000002   Code   RO         3672    i.HAL_TIM_Base_MspInit  stm32h7xx_hal_tim.o
    0x08004eee   0x08004eee   0x00000002   PAD
    0x08004ef0   0x08004ef0   0x000000b4   Code   RO         3675    i.HAL_TIM_Base_Start_IT  stm32h7xx_hal_tim.o
    0x08004fa4   0x08004fa4   0x00000002   Code   RO         3704    i.HAL_TIM_IC_CaptureCallback  stm32h7xx_hal_tim.o
    0x08004fa6   0x08004fa6   0x000001b8   Code   RO         3718    i.HAL_TIM_IRQHandler  stm32h7xx_hal_tim.o
    0x0800515e   0x0800515e   0x00000002   Code   RO         3721    i.HAL_TIM_OC_DelayElapsedCallback  stm32h7xx_hal_tim.o
    0x08005160   0x08005160   0x00000002   Code   RO         3748    i.HAL_TIM_PWM_PulseFinishedCallback  stm32h7xx_hal_tim.o
    0x08005162   0x08005162   0x00000002   PAD
    0x08005164   0x08005164   0x00000018   Code   RO           14    i.HAL_TIM_PeriodElapsedCallback  main.o
    0x0800517c   0x0800517c   0x00000002   Code   RO         3761    i.HAL_TIM_TriggerCallback  stm32h7xx_hal_tim.o
    0x0800517e   0x0800517e   0x0000004e   Code   RO         3551    i.HAL_UARTEx_DisableFifoMode  stm32h7xx_hal_uart_ex.o
    0x080051cc   0x080051cc   0x00000002   Code   RO         3135    i.HAL_UARTEx_RxEventCallback  stm32h7xx_hal_uart.o
    0x080051ce   0x080051ce   0x00000002   Code   RO         3558    i.HAL_UARTEx_RxFifoFullCallback  stm32h7xx_hal_uart_ex.o
    0x080051d0   0x080051d0   0x0000005e   Code   RO         3559    i.HAL_UARTEx_SetRxFifoThreshold  stm32h7xx_hal_uart_ex.o
    0x0800522e   0x0800522e   0x0000005e   Code   RO         3560    i.HAL_UARTEx_SetTxFifoThreshold  stm32h7xx_hal_uart_ex.o
    0x0800528c   0x0800528c   0x00000002   Code   RO         3562    i.HAL_UARTEx_TxFifoEmptyCallback  stm32h7xx_hal_uart_ex.o
    0x0800528e   0x0800528e   0x00000002   Code   RO         3563    i.HAL_UARTEx_WakeupCallback  stm32h7xx_hal_uart_ex.o
    0x08005290   0x08005290   0x000000b8   Code   RO         3147    i.HAL_UART_DMAStop  stm32h7xx_hal_uart.o
    0x08005348   0x08005348   0x00000002   Code   RO         3151    i.HAL_UART_ErrorCallback  stm32h7xx_hal_uart.o
    0x0800534a   0x0800534a   0x00000002   PAD
    0x0800534c   0x0800534c   0x00000458   Code   RO         3154    i.HAL_UART_IRQHandler  stm32h7xx_hal_uart.o
    0x080057a4   0x080057a4   0x00000078   Code   RO         3155    i.HAL_UART_Init     stm32h7xx_hal_uart.o
    0x0800581c   0x0800581c   0x00000200   Code   RO          385    i.HAL_UART_MspInit  usart.o
    0x08005a1c   0x08005a1c   0x00000074   Code   RO         3159    i.HAL_UART_Receive_DMA  stm32h7xx_hal_uart.o
    0x08005a90   0x08005a90   0x00000002   Code   RO         3162    i.HAL_UART_RxCpltCallback  stm32h7xx_hal_uart.o
    0x08005a92   0x08005a92   0x00000002   Code   RO         3163    i.HAL_UART_RxHalfCpltCallback  stm32h7xx_hal_uart.o
    0x08005a94   0x08005a94   0x000000d6   Code   RO         3164    i.HAL_UART_Transmit  stm32h7xx_hal_uart.o
    0x08005b6a   0x08005b6a   0x00000002   PAD
    0x08005b6c   0x08005b6c   0x000000cc   Code   RO         3165    i.HAL_UART_Transmit_DMA  stm32h7xx_hal_uart.o
    0x08005c38   0x08005c38   0x00000002   Code   RO         3167    i.HAL_UART_TxCpltCallback  stm32h7xx_hal_uart.o
    0x08005c3a   0x08005c3a   0x00000002   Code   RO         3168    i.HAL_UART_TxHalfCpltCallback  stm32h7xx_hal_uart.o
    0x08005c3c   0x08005c3c   0x00000004   Code   RO          475    i.HardFault_Handler  stm32h7xx_it.o
    0x08005c40   0x08005c40   0x0000012c   Code   RO          476    i.LPUART1_IRQHandler  stm32h7xx_it.o
    0x08005d6c   0x08005d6c   0x000001b4   Code   RO         6589    i.MQTT_CONNECT      devmqtt.o
    0x08005f20   0x08005f20   0x00000084   Code   RO         6591    i.MQTT_PINGREQ      devmqtt.o
    0x08005fa4   0x08005fa4   0x00000284   Code   RO         6592    i.MQTT_PUBLISH      devmqtt.o
    0x08006228   0x08006228   0x000000e8   Code   RO         6593    i.MQTT_PUBREL       devmqtt.o
    0x08006310   0x08006310   0x000000e0   Code   RO         6594    i.MQTT_RECDATA_PROCESS  devmqtt.o
    0x080063f0   0x080063f0   0x0000012c   Code   RO         6595    i.MQTT_SUBSCRIBE    devmqtt.o
    0x0800651c   0x0800651c   0x00000044   Code   RO          336    i.MX_BDMA_Init      bdma.o
    0x08006560   0x08006560   0x00000034   Code   RO          360    i.MX_DMA_Init       dma.o
    0x08006594   0x08006594   0x000000c4   Code   RO          245    i.MX_FREERTOS_Init  freertos.o
    0x08006658   0x08006658   0x000000e4   Code   RO          221    i.MX_GPIO_Init      gpio.o
    0x0800673c   0x0800673c   0x0000006c   Code   RO          386    i.MX_LPUART1_UART_Init  usart.o
    0x080067a8   0x080067a8   0x0000006c   Code   RO          387    i.MX_USART3_UART_Init  usart.o
    0x08006814   0x08006814   0x00000030   Code   RO          388    i.MY_CMD_INIT       usart.o
    0x08006844   0x08006844   0x00000058   Code   RO          389    i.MY_UART_Transmit  usart.o
    0x0800689c   0x0800689c   0x00000018   Code   RO          390    i.MY_WIFI_INIT      usart.o
    0x080068b4   0x080068b4   0x00000004   Code   RO          477    i.MemManage_Handler  stm32h7xx_it.o
    0x080068b8   0x080068b8   0x00000164   Code   RO          246    i.MqttTask          freertos.o
    0x08006a1c   0x08006a1c   0x00000004   Code   RO          478    i.NMI_Handler       stm32h7xx_it.o
    0x08006a20   0x08006a20   0x00000164   Code   RO          947    i.RCCEx_PLL2_Config  stm32h7xx_hal_rcc_ex.o
    0x08006b84   0x08006b84   0x00000164   Code   RO          948    i.RCCEx_PLL3_Config  stm32h7xx_hal_rcc_ex.o
    0x08006ce8   0x08006ce8   0x0000000a   Code   RO          247    i.StartDefaultTask  freertos.o
    0x08006cf2   0x08006cf2   0x00000002   PAD
    0x08006cf4   0x08006cf4   0x00000018   Code   RO          248    i.StatusTask        freertos.o
    0x08006d0c   0x08006d0c   0x00000016   Code   RO         5830    i.SysTick_Handler   cmsis_os2.o
    0x08006d22   0x08006d22   0x00000002   PAD
    0x08006d24   0x08006d24   0x000000d4   Code   RO           15    i.SystemClock_Config  main.o
    0x08006df8   0x08006df8   0x000000fc   Code   RO          637    i.SystemInit        system_stm32h7xx.o
    0x08006ef4   0x08006ef4   0x00000010   Code   RO          479    i.TIM17_IRQHandler  stm32h7xx_it.o
    0x08006f04   0x08006f04   0x000000cc   Code   RO         3763    i.TIM_Base_SetConfig  stm32h7xx_hal_tim.o
    0x08006fd0   0x08006fd0   0x00000058   Code   RO         3564    i.UARTEx_SetNbDataToProcess  stm32h7xx_hal_uart_ex.o
    0x08007028   0x08007028   0x000000f8   Code   RO         3169    i.UART_AdvFeatureConfig  stm32h7xx_hal_uart.o
    0x08007120   0x08007120   0x00000076   Code   RO         3170    i.UART_CheckIdleState  stm32h7xx_hal_uart.o
    0x08007196   0x08007196   0x00000018   Code   RO         3171    i.UART_DMAAbortOnError  stm32h7xx_hal_uart.o
    0x080071ae   0x080071ae   0x0000005e   Code   RO         3172    i.UART_DMAError     stm32h7xx_hal_uart.o
    0x0800720c   0x0800720c   0x000000aa   Code   RO         3173    i.UART_DMAReceiveCplt  stm32h7xx_hal_uart.o
    0x080072b6   0x080072b6   0x00000022   Code   RO         3175    i.UART_DMARxHalfCplt  stm32h7xx_hal_uart.o
    0x080072d8   0x080072d8   0x00000054   Code   RO         3177    i.UART_DMATransmitCplt  stm32h7xx_hal_uart.o
    0x0800732c   0x0800732c   0x0000000e   Code   RO         3179    i.UART_DMATxHalfCplt  stm32h7xx_hal_uart.o
    0x0800733a   0x0800733a   0x00000002   PAD
    0x0800733c   0x0800733c   0x0000006c   Code   RO         3181    i.UART_EndRxTransfer  stm32h7xx_hal_uart.o
    0x080073a8   0x080073a8   0x00000030   Code   RO         3182    i.UART_EndTransmit_IT  stm32h7xx_hal_uart.o
    0x080073d8   0x080073d8   0x00000040   Code   RO         3183    i.UART_EndTxTransfer  stm32h7xx_hal_uart.o
    0x08007418   0x08007418   0x0000058c   Code   RO         3188    i.UART_SetConfig    stm32h7xx_hal_uart.o
    0x080079a4   0x080079a4   0x000000d4   Code   RO         3189    i.UART_Start_Receive_DMA  stm32h7xx_hal_uart.o
    0x08007a78   0x08007a78   0x000000fe   Code   RO         3195    i.UART_WaitOnFlagUntilTimeout  stm32h7xx_hal_uart.o
    0x08007b76   0x08007b76   0x00000002   PAD
    0x08007b78   0x08007b78   0x00000010   Code   RO          480    i.USART3_IRQHandler  stm32h7xx_it.o
    0x08007b88   0x08007b88   0x00000004   Code   RO          481    i.UsageFault_Handler  stm32h7xx_it.o
    0x08007b8c   0x08007b8c   0x00000088   Code   RO          249    i.Usart01Task       freertos.o
    0x08007c14   0x08007c14   0x000001c8   Code   RO          250    i.Usart3Task        freertos.o
    0x08007ddc   0x08007ddc   0x00000044   Code   RO         6495    i.WIFI_print        dev8266.o
    0x08007e20   0x08007e20   0x00000210   Code   RO          251    i.WifiTask          freertos.o
    0x08008030   0x08008030   0x00000090   Code   RO         6497    i.Wifi_BackData_Verify  dev8266.o
    0x080080c0   0x080080c0   0x0000007c   Code   RO         6498    i.Wifi_ConnectMode  dev8266.o
    0x0800813c   0x0800813c   0x0000007c   Code   RO         6499    i.Wifi_IsReady      dev8266.o
    0x080081b8   0x080081b8   0x00000088   Code   RO         6500    i.Wifi_JoinWifi     dev8266.o
    0x08008240   0x08008240   0x00000058   Code   RO         6501    i.Wifi_Reset        dev8266.o
    0x08008298   0x08008298   0x0000001c   Code   RO         6502    i.Wifi_SendBufData  dev8266.o
    0x080082b4   0x080082b4   0x0000008c   Code   RO         6503    i.Wifi_TCPConnect   dev8266.o
    0x08008340   0x08008340   0x000000c4   Code   RO         6504    i.Wifi_TransmissionMode  dev8266.o
    0x08008404   0x08008404   0x0000007c   Code   RO         6505    i.Wifi_WIFIMODE     dev8266.o
    0x08008480   0x08008480   0x00000020   Code   RO         6936    i.__0printf         mc_w.l(printfa.o)
    0x080084a0   0x080084a0   0x00000024   Code   RO         6942    i.__0vsprintf       mc_w.l(printfa.o)
    0x080084c4   0x080084c4   0x00000010   Code   RO          692    i.__NVIC_GetPriorityGrouping  stm32h7xx_hal_cortex.o
    0x080084d4   0x080084d4   0x00000028   Code   RO          693    i.__NVIC_SetPriority  stm32h7xx_hal_cortex.o
    0x080084fc   0x080084fc   0x00000006   Code   RO         5832    i.__get_IPSR        cmsis_os2.o
    0x08008502   0x08008502   0x0000000e   Code   RO         7034    i.__scatterload_copy  mc_w.l(handlers.o)
    0x08008510   0x08008510   0x00000002   Code   RO         7035    i.__scatterload_null  mc_w.l(handlers.o)
    0x08008512   0x08008512   0x0000000e   Code   RO         7036    i.__scatterload_zeroinit  mc_w.l(handlers.o)
    0x08008520   0x08008520   0x00000184   Code   RO         6943    i._fp_digits        mc_w.l(printfa.o)
    0x080086a4   0x080086a4   0x000006dc   Code   RO         6944    i._printf_core      mc_w.l(printfa.o)
    0x08008d80   0x08008d80   0x00000024   Code   RO         6945    i._printf_post_padding  mc_w.l(printfa.o)
    0x08008da4   0x08008da4   0x0000002e   Code   RO         6946    i._printf_pre_padding  mc_w.l(printfa.o)
    0x08008dd2   0x08008dd2   0x0000000a   Code   RO         6948    i._sputc            mc_w.l(printfa.o)
    0x08008ddc   0x08008ddc   0x00000018   Code   RO          392    i.fputc             usart.o
    0x08008df4   0x08008df4   0x00000050   Code   RO         6964    i.free              mc_w.l(malloc.o)
    0x08008e44   0x08008e44   0x0000002c   Code   RO           16    i.main              main.o
    0x08008e70   0x08008e70   0x0000006c   Code   RO         6965    i.malloc            mc_w.l(malloc.o)
    0x08008edc   0x08008edc   0x0000001e   Code   RO         5833    i.osDelay           cmsis_os2.o
    0x08008efa   0x08008efa   0x00000046   Code   RO         5835    i.osEventFlagsClear  cmsis_os2.o
    0x08008f40   0x08008f40   0x0000002a   Code   RO         5837    i.osEventFlagsGet   cmsis_os2.o
    0x08008f6a   0x08008f6a   0x00000046   Code   RO         5838    i.osEventFlagsNew   cmsis_os2.o
    0x08008fb0   0x08008fb0   0x0000005c   Code   RO         5839    i.osEventFlagsSet   cmsis_os2.o
    0x0800900c   0x0800900c   0x00000090   Code   RO         5840    i.osEventFlagsWait  cmsis_os2.o
    0x0800909c   0x0800909c   0x0000002c   Code   RO         5847    i.osKernelInitialize  cmsis_os2.o
    0x080090c8   0x080090c8   0x00000060   Code   RO         5850    i.osKernelStart     cmsis_os2.o
    0x08009128   0x08009128   0x000000b8   Code   RO         5892    i.osThreadNew       cmsis_os2.o
    0x080091e0   0x080091e0   0x0000007c   Code   RO         5267    i.prvAddCurrentTaskToDelayedList  tasks.o
    0x0800925c   0x0800925c   0x000000b8   Code   RO         5268    i.prvAddNewTaskToReadyList  tasks.o
    0x08009314   0x08009314   0x00000074   Code   RO         5643    i.prvCheckForValidListAndQueue  timers.o
    0x08009388   0x08009388   0x00000048   Code   RO         5269    i.prvCheckTasksWaitingTermination  tasks.o
    0x080093d0   0x080093d0   0x0000002a   Code   RO         4854    i.prvCopyDataFromQueue  queue.o
    0x080093fa   0x080093fa   0x0000007e   Code   RO         4855    i.prvCopyDataToQueue  queue.o
    0x08009478   0x08009478   0x00000050   Code   RO         5270    i.prvDeleteTCB      tasks.o
    0x080094c8   0x080094c8   0x00000028   Code   RO         5644    i.prvGetNextExpireTime  timers.o
    0x080094f0   0x080094f0   0x0000007c   Code   RO         6360    i.prvHeapInit       heap_4.o
    0x0800956c   0x0800956c   0x00000028   Code   RO         5271    i.prvIdleTask       tasks.o
    0x08009594   0x08009594   0x0000002a   Code   RO         4858    i.prvInitialiseNewQueue  queue.o
    0x080095be   0x080095be   0x000000be   Code   RO         5272    i.prvInitialiseNewTask  tasks.o
    0x0800967c   0x0800967c   0x00000068   Code   RO         5273    i.prvInitialiseTaskLists  tasks.o
    0x080096e4   0x080096e4   0x00000068   Code   RO         6361    i.prvInsertBlockIntoFreeList  heap_4.o
    0x0800974c   0x0800974c   0x00000058   Code   RO         5646    i.prvInsertTimerInActiveList  timers.o
    0x080097a4   0x080097a4   0x0000001a   Code   RO         4859    i.prvIsQueueEmpty   queue.o
    0x080097be   0x080097be   0x0000001e   Code   RO         4860    i.prvIsQueueFull    queue.o
    0x080097dc   0x080097dc   0x00000074   Code   RO         5647    i.prvProcessExpiredTimer  timers.o
    0x08009850   0x08009850   0x00000164   Code   RO         5648    i.prvProcessReceivedCommands  timers.o
    0x080099b4   0x080099b4   0x00000074   Code   RO         5649    i.prvProcessTimerOrBlockTask  timers.o
    0x08009a28   0x08009a28   0x00000034   Code   RO         5275    i.prvResetNextTaskUnblockTime  tasks.o
    0x08009a5c   0x08009a5c   0x0000002c   Code   RO         5650    i.prvSampleTimeNow  timers.o
    0x08009a88   0x08009a88   0x000000a4   Code   RO         5651    i.prvSwitchTimerLists  timers.o
    0x08009b2c   0x08009b2c   0x00000040   Code   RO         6416    i.prvTaskExitError  port.o
    0x08009b6c   0x08009b6c   0x0000001e   Code   RO         4692    i.prvTestWaitCondition  event_groups.o
    0x08009b8a   0x08009b8a   0x0000001a   Code   RO         5652    i.prvTimerTask      timers.o
    0x08009ba4   0x08009ba4   0x0000007e   Code   RO         4861    i.prvUnlockQueue    queue.o
    0x08009c22   0x08009c22   0x00000002   PAD
    0x08009c24   0x08009c24   0x0000014c   Code   RO         6362    i.pvPortMalloc      heap_4.o
    0x08009d70   0x08009d70   0x0000002c   Code   RO         6417    i.pxPortInitialiseStack  port.o
    0x08009d9c   0x08009d9c   0x00000028   Code   RO         4814    i.uxListRemove      list.o
    0x08009dc4   0x08009dc4   0x0000001c   Code   RO         5287    i.uxTaskResetEventItemValue  tasks.o
    0x08009de0   0x08009de0   0x00000018   Code   RO         5904    i.vApplicationGetIdleTaskMemory  cmsis_os2.o
    0x08009df8   0x08009df8   0x00000018   Code   RO         5905    i.vApplicationGetTimerTaskMemory  cmsis_os2.o
    0x08009e10   0x08009e10   0x00000010   Code   RO         4694    i.vEventGroupClearBitsCallback  event_groups.o
    0x08009e20   0x08009e20   0x00000010   Code   RO         4696    i.vEventGroupSetBitsCallback  event_groups.o
    0x08009e30   0x08009e30   0x0000001a   Code   RO         4815    i.vListInitialise   list.o
    0x08009e4a   0x08009e4a   0x00000006   Code   RO         4816    i.vListInitialiseItem  list.o
    0x08009e50   0x08009e50   0x00000034   Code   RO         4817    i.vListInsert       list.o
    0x08009e84   0x08009e84   0x00000018   Code   RO         4818    i.vListInsertEnd    list.o
    0x08009e9c   0x08009e9c   0x00000054   Code   RO         6419    i.vPortEnterCritical  port.o
    0x08009ef0   0x08009ef0   0x0000003c   Code   RO         6420    i.vPortExitCritical  port.o
    0x08009f2c   0x08009f2c   0x000000a4   Code   RO         6363    i.vPortFree         heap_4.o
    0x08009fd0   0x08009fd0   0x00000028   Code   RO         6421    i.vPortSetupTimerInterrupt  port.o
    0x08009ff8   0x08009ff8   0x00000078   Code   RO         6422    i.vPortValidateInterruptPriority  port.o
    0x0800a070   0x0800a070   0x0000002c   Code   RO         4867    i.vQueueAddToRegistry  queue.o
    0x0800a09c   0x0800a09c   0x0000004a   Code   RO         4871    i.vQueueWaitForMessageRestricted  queue.o
    0x0800a0e6   0x0800a0e6   0x00000002   PAD
    0x0800a0e8   0x0800a0e8   0x0000005c   Code   RO         5288    i.vTaskDelay        tasks.o
    0x0800a144   0x0800a144   0x00000018   Code   RO         5293    i.vTaskInternalSetTimeOutState  tasks.o
    0x0800a15c   0x0800a15c   0x0000000c   Code   RO         5294    i.vTaskMissedYield  tasks.o
    0x0800a168   0x0800a168   0x00000038   Code   RO         5296    i.vTaskPlaceOnEventList  tasks.o
    0x0800a1a0   0x0800a1a0   0x00000040   Code   RO         5297    i.vTaskPlaceOnEventListRestricted  tasks.o
    0x0800a1e0   0x0800a1e0   0x0000006c   Code   RO         5298    i.vTaskPlaceOnUnorderedEventList  tasks.o
    0x0800a24c   0x0800a24c   0x000000a0   Code   RO         5301    i.vTaskRemoveFromUnorderedEventList  tasks.o
    0x0800a2ec   0x0800a2ec   0x000000b8   Code   RO         5305    i.vTaskStartScheduler  tasks.o
    0x0800a3a4   0x0800a3a4   0x00000010   Code   RO         5307    i.vTaskSuspendAll   tasks.o
    0x0800a3b4   0x0800a3b4   0x00000090   Code   RO         5308    i.vTaskSwitchContext  tasks.o
    0x0800a444   0x0800a444   0x0000005c   Code   RO         4698    i.xEventGroupClearBits  event_groups.o
    0x0800a4a0   0x0800a4a0   0x0000001c   Code   RO         4699    i.xEventGroupClearBitsFromISR  event_groups.o
    0x0800a4bc   0x0800a4bc   0x0000001e   Code   RO         4700    i.xEventGroupCreate  event_groups.o
    0x0800a4da   0x0800a4da   0x0000005a   Code   RO         4701    i.xEventGroupCreateStatic  event_groups.o
    0x0800a534   0x0800a534   0x0000002c   Code   RO         4702    i.xEventGroupGetBitsFromISR  event_groups.o
    0x0800a560   0x0800a560   0x000000ce   Code   RO         4703    i.xEventGroupSetBits  event_groups.o
    0x0800a62e   0x0800a62e   0x00000002   PAD
    0x0800a630   0x0800a630   0x00000024   Code   RO         4704    i.xEventGroupSetBitsFromISR  event_groups.o
    0x0800a654   0x0800a654   0x00000158   Code   RO         4706    i.xEventGroupWaitBits  event_groups.o
    0x0800a7ac   0x0800a7ac   0x00000168   Code   RO         6423    i.xPortStartScheduler  port.o
    0x0800a914   0x0800a914   0x00000034   Code   RO         6424    i.xPortSysTickHandler  port.o
    0x0800a948   0x0800a948   0x000000e0   Code   RO         4877    i.xQueueGenericCreateStatic  queue.o
    0x0800aa28   0x0800aa28   0x00000098   Code   RO         4878    i.xQueueGenericReset  queue.o
    0x0800aac0   0x0800aac0   0x000001a8   Code   RO         4879    i.xQueueGenericSend  queue.o
    0x0800ac68   0x0800ac68   0x000000fc   Code   RO         4880    i.xQueueGenericSendFromISR  queue.o
    0x0800ad64   0x0800ad64   0x00000168   Code   RO         4889    i.xQueueReceive     queue.o
    0x0800aecc   0x0800aecc   0x0000008c   Code   RO         5310    i.xTaskCheckForTimeOut  tasks.o
    0x0800af58   0x0800af58   0x00000064   Code   RO         5311    i.xTaskCreate       tasks.o
    0x0800afbc   0x0800afbc   0x000000ba   Code   RO         5312    i.xTaskCreateStatic  tasks.o
    0x0800b076   0x0800b076   0x00000002   PAD
    0x0800b078   0x0800b078   0x00000020   Code   RO         5316    i.xTaskGetSchedulerState  tasks.o
    0x0800b098   0x0800b098   0x0000000c   Code   RO         5317    i.xTaskGetTickCount  tasks.o
    0x0800b0a4   0x0800b0a4   0x00000144   Code   RO         5319    i.xTaskIncrementTick  tasks.o
    0x0800b1e8   0x0800b1e8   0x000000a4   Code   RO         5322    i.xTaskPriorityDisinherit  tasks.o
    0x0800b28c   0x0800b28c   0x00000098   Code   RO         5324    i.xTaskRemoveFromEventList  tasks.o
    0x0800b324   0x0800b324   0x00000104   Code   RO         5325    i.xTaskResumeAll    tasks.o
    0x0800b428   0x0800b428   0x00000078   Code   RO         5661    i.xTimerCreateTimerTask  timers.o
    0x0800b4a0   0x0800b4a0   0x00000084   Code   RO         5662    i.xTimerGenericCommand  timers.o
    0x0800b524   0x0800b524   0x00000034   Code   RO         5668    i.xTimerPendFunctionCallFromISR  timers.o
    0x0800b558   0x0800b558   0x000000f8   Data   RO          252    .constdata          freertos.o
    0x0800b650   0x0800b650   0x00000010   Data   RO          638    .constdata          system_stm32h7xx.o
    0x0800b660   0x0800b660   0x00000008   Data   RO         1536    .constdata          stm32h7xx_hal_dma.o
    0x0800b668   0x0800b668   0x00000018   Data   RO         3196    .constdata          stm32h7xx_hal_uart.o
    0x0800b680   0x0800b680   0x00000010   Data   RO         3566    .constdata          stm32h7xx_hal_uart_ex.o
    0x0800b690   0x0800b690   0x00000016   Data   RO         6597    .constdata          devmqtt.o
    0x0800b6a6   0x0800b6a6   0x00000002   PAD
    0x0800b6a8   0x0800b6a8   0x0000005e   Data   RO          253    .conststring        freertos.o
    0x0800b706   0x0800b706   0x00000002   PAD
    0x0800b708   0x0800b708   0x00000020   Data   RO         7032    Region$$Table       anon$$obj.o


    Execution Region RW_IRAM2 (Exec base: 0x24000000, Load base: 0x0800b728, Size: 0x00005e78, Max: 0x00080000, ABSOLUTE)

    Exec Addr    Load Addr    Size         Type   Attr      Idx    E Section Name        Object

    0x24000000   0x0800b728   0x00000400   Data   RW          482    .ARM.__at_0x24000000  stm32h7xx_it.o
    0x24000400   0x0800bb28   0x00000400   Data   RW          483    .ARM.__at_0x24000400  stm32h7xx_it.o
    0x24000800   0x0800bf28   0x00000024   Data   RW          254    .data               freertos.o
    0x24000824   0x0800bf4c   0x00000008   Data   RW          487    .data               stm32h7xx_it.o
    0x2400082c   0x0800bf54   0x00000008   Data   RW          639    .data               system_stm32h7xx.o
    0x24000834   0x0800bf5c   0x00000009   Data   RW         2274    .data               stm32h7xx_hal.o
    0x2400083d   0x0800bf65   0x00000003   PAD
    0x24000840   0x0800bf68   0x0000003c   Data   RW         5328    .data               tasks.o
    0x2400087c   0x0800bfa4   0x00000014   Data   RW         5670    .data               timers.o
    0x24000890   0x0800bfb8   0x00000004   Data   RW         5907    .data               cmsis_os2.o
    0x24000894   0x0800bfbc   0x00000020   Data   RW         6369    .data               heap_4.o
    0x240008b4   0x0800bfdc   0x0000000c   Data   RW         6425    .data               port.o
    0x240008c0   0x0800bfe8   0x00000004   Data   RW         7006    .data               mc_w.l(stdout.o)
    0x240008c4   0x0800bfec   0x00000004   Data   RW         7013    .data               mc_w.l(mvars.o)
    0x240008c8   0x0800bff0   0x00000004   Data   RW         7014    .data               mc_w.l(mvars.o)
    0x240008cc        -       0x00000288   Zero   RW          393    .bss                usart.o
    0x24000b54        -       0x00000400   Zero   RW          486    .bss                stm32h7xx_it.o
    0x24000f54        -       0x0000004c   Zero   RW          600    .bss                stm32h7xx_hal_timebase_tim.o
    0x24000fa0        -       0x00000040   Zero   RW         4893    .bss                queue.o
    0x24000fe0        -       0x000004c4   Zero   RW         5327    .bss                tasks.o
    0x240014a4        -       0x00000118   Zero   RW         5669    .bss                timers.o
    0x240015bc        -       0x000006b8   Zero   RW         5906    .bss                cmsis_os2.o
    0x24001c74        -       0x00003c00   Zero   RW         6368    .bss                heap_4.o
    0x24005874   0x0800bff4   0x00000004   PAD
    0x24005878        -       0x00000200   Zero   RW            2    HEAP                startup_stm32h750xx.o
    0x24005a78        -       0x00000400   Zero   RW            1    STACK               startup_stm32h750xx.o



  Load Region LR$$.ARM.__at_0x38000000 (Base: 0x38000000, Size: 0x000000c8, Max: 0x000000c8, ABSOLUTE)

    Execution Region ER$$.ARM.__at_0x38000000 (Exec base: 0x38000000, Load base: 0x38000000, Size: 0x000000c8, Max: 0x000000c8, ABSOLUTE, UNINIT)

    Exec Addr    Load Addr    Size         Type   Attr      Idx    E Section Name        Object

    0x38000000   0x38000000   0x000000c8   Data   RW          484    .ARM.__at_0x38000000  stm32h7xx_it.o



  Load Region LR$$.ARM.__at_0x380000E0 (Base: 0x380000e0, Size: 0x000000c8, Max: 0x000000c8, ABSOLUTE)

    Execution Region ER$$.ARM.__at_0x380000E0 (Exec base: 0x380000e0, Load base: 0x380000e0, Size: 0x000000c8, Max: 0x000000c8, ABSOLUTE, UNINIT)

    Exec Addr    Load Addr    Size         Type   Attr      Idx    E Section Name        Object

    0x380000e0   0x380000e0   0x000000c8   Data   RW          485    .ARM.__at_0x380000E0  stm32h7xx_it.o


==============================================================================

Image component sizes


      Code (inc. data)   RO Data    RW Data    ZI Data      Debug   Object Name

        68          4          0          0          0        887   bdma.o
       848         42          0          4       1720      75432   cmsis_os2.o
      1172        446          0          0          0       7291   dev8266.o
      1968        544         22          0          0       6115   devmqtt.o
        52          4          0          0          0        866   dma.o
       932         16          0          0          0      31054   event_groups.o
      1706        678        342         36          0       6233   freertos.o
       228         12          0          0          0       1123   gpio.o
       724         74          0         32      15360       4935   heap_4.o
       148          0          0          0          0       3638   list.o
       286         14          0          0          0    1298682   main.o
      1014         92          0         12          0      11705   port.o
      1922         20          0          0         64      17392   queue.o
        36          8        664          0       1536        828   startup_stm32h750xx.o
       184         38          0          9          0      22673   stm32h7xx_hal.o
       258         22          0          0          0      39226   stm32h7xx_hal_cortex.o
      8668        168          8          0          0      13845   stm32h7xx_hal_dma.o
       540         52          0          0          0       2853   stm32h7xx_hal_gpio.o
        48          6          0          0          0        922   stm32h7xx_hal_msp.o
        96          6          0          0          0        765   stm32h7xx_hal_pwr_ex.o
      3660        118          0          0          0       7601   stm32h7xx_hal_rcc.o
      4784        110          0          0          0       7221   stm32h7xx_hal_rcc_ex.o
       944         68          0          0          0       6530   stm32h7xx_hal_tim.o
         6          0          0          0          0       2248   stm32h7xx_hal_tim_ex.o
       148         20          0          0         76       1580   stm32h7xx_hal_timebase_tim.o
      4854        178         24          0          0      40821   stm32h7xx_hal_uart.o
       360         10         16          0          0       5490   stm32h7xx_hal_uart_ex.o
       426         64          0       2456       1024       7372   stm32h7xx_it.o
         0          0          0          0          0        392   stream_buffer.o
       252         40         16          8          0       1386   system_stm32h7xx.o
      3104        378          0         60       1220      29867   tasks.o
      1370        128          0         20        280      33723   timers.o
       912        100          0          0        648       6637   usart.o

    ----------------------------------------------------------------------
     41750       3460       1128       2640      21932    1697333   Object Totals
         0          0         32          0          0          0   (incl. Generated)
        32          0          4          3          4          0   (incl. Padding)

    ----------------------------------------------------------------------

      Code (inc. data)   RO Data    RW Data    ZI Data      Debug   Library Member Name

         0          0          0          0          0          0   entry.o
         0          0          0          0          0          0   entry10a.o
         0          0          0          0          0          0   entry11a.o
         8          4          0          0          0          0   entry2.o
         4          0          0          0          0          0   entry5.o
         0          0          0          0          0          0   entry7b.o
         0          0          0          0          0          0   entry8b.o
         8          4          0          0          0          0   entry9a.o
        30          0          0          0          0          0   handlers.o
        36          8          0          0          0         68   init.o
         0          0          0          0          0          0   iusefp.o
        30          0          0          0          0         68   llshl.o
        36          0          0          0          0         68   llsshr.o
        32          0          0          0          0         68   llushr.o
       188         20          0          0          0        160   malloc.o
        36          0          0          0          0         68   memcpya.o
        36          0          0          0          0        108   memseta.o
         0          0          0          8          0          0   mvars.o
      2304         96          0          0          0        600   printfa.o
         0          0          0          4          0          0   stdout.o
        14          0          0          0          0         68   strlen.o
        36          0          0          0          0         80   strstr.o
        44          0          0          0          0         80   uidiv.o
        98          0          0          0          0         92   uldiv.o
        48          0          0          0          0         68   cdrcmple.o
       334          0          0          0          0        148   dadd.o
       222          0          0          0          0        100   ddiv.o
       186          0          0          0          0        176   depilogue.o
        48          0          0          0          0         68   dfixul.o
       228          0          0          0          0         96   dmul.o

    ----------------------------------------------------------------------
      4010        132          0         12          0       2184   Library Totals
         4          0          0          0          0          0   (incl. Padding)

    ----------------------------------------------------------------------

      Code (inc. data)   RO Data    RW Data    ZI Data      Debug   Library Name

      2940        132          0         12          0       1528   mc_w.l
      1066          0          0          0          0        656   mf_w.l

    ----------------------------------------------------------------------
      4010        132          0         12          0       2184   Library Totals

    ----------------------------------------------------------------------

==============================================================================


      Code (inc. data)   RO Data    RW Data    ZI Data      Debug   

     45760       3592       1128       2652      21932    1676277   Grand Totals
     45760       3592       1128       2652      21932    1676277   ELF Image Totals
     45760       3592       1128       2652          0          0   ROM Totals

==============================================================================

    Total RO  Size (Code + RO Data)                46888 (  45.79kB)
    Total RW  Size (RW Data + ZI Data)             24584 (  24.01kB)
    Total ROM Size (Code + RO Data + RW Data)      49540 (  48.38kB)

==============================================================================

